Archive member included to satisfy reference by file (symbol)

../mat_ua_ni2_bsp/\libhal_bsp.a(alt_load.o)
                              ../mat_ua_ni2_bsp//obj/HAL/src/crt0.o (alt_load)
../mat_ua_ni2_bsp/\libhal_bsp.a(alt_main.o)
                              ../mat_ua_ni2_bsp//obj/HAL/src/crt0.o (alt_main)
../mat_ua_ni2_bsp/\libhal_bsp.a(alt_sys_init.o)
                              ../mat_ua_ni2_bsp/\libhal_bsp.a(alt_main.o) (alt_irq_init)
../mat_ua_ni2_bsp/\libhal_bsp.a(alt_dcache_flush_all.o)
                              ../mat_ua_ni2_bsp/\libhal_bsp.a(alt_load.o) (alt_dcache_flush_all)
../mat_ua_ni2_bsp/\libhal_bsp.a(alt_icache_flush_all.o)
                              ../mat_ua_ni2_bsp/\libhal_bsp.a(alt_load.o) (alt_icache_flush_all)
../mat_ua_ni2_bsp/\libhal_bsp.a(altera_nios2_gen2_irq.o)
                              ../mat_ua_ni2_bsp/\libhal_bsp.a(alt_sys_init.o) (altera_nios2_gen2_irq_init)

Memory Configuration

Name             Origin             Length             Attributes
reset            0x0000000000002000 0x0000000000000020
onchip_memory2_0 0x0000000000002020 0x0000000000001fe0
*default*        0x0000000000000000 0xffffffffffffffff

Linker script and memory map

LOAD ../mat_ua_ni2_bsp//obj/HAL/src/crt0.o
LOAD obj/default/hello_world_small.o
LOAD c:/intelfpga_lite/17.1/nios2eds/bin/gnu/h-x86_64-mingw32/bin/../lib/gcc/nios2-elf/5.3.0/../../../../../H-x86_64-mingw32/nios2-elf/lib/mno-hw-mul\libstdc++.a
LOAD c:/intelfpga_lite/17.1/nios2eds/bin/gnu/h-x86_64-mingw32/bin/../lib/gcc/nios2-elf/5.3.0/../../../../../H-x86_64-mingw32/nios2-elf/lib/mno-hw-mul\libm.a
LOAD c:/intelfpga_lite/17.1/nios2eds/bin/gnu/h-x86_64-mingw32/bin/../lib/gcc/nios2-elf/5.3.0/mno-hw-mul\libgcc.a
START GROUP
LOAD c:/intelfpga_lite/17.1/nios2eds/bin/gnu/h-x86_64-mingw32/bin/../lib/gcc/nios2-elf/5.3.0/../../../../../H-x86_64-mingw32/nios2-elf/lib/mno-hw-mul\libsmallc.a
LOAD c:/intelfpga_lite/17.1/nios2eds/bin/gnu/h-x86_64-mingw32/bin/../lib/gcc/nios2-elf/5.3.0/mno-hw-mul\libgcc.a
LOAD ../mat_ua_ni2_bsp/\libhal_bsp.a
LOAD c:/intelfpga_lite/17.1/nios2eds/bin/gnu/h-x86_64-mingw32/bin/../lib/gcc/nios2-elf/5.3.0/../../../../../H-x86_64-mingw32/nios2-elf/lib/mno-hw-mul\libm.a
END GROUP
LOAD c:/intelfpga_lite/17.1/nios2eds/bin/gnu/h-x86_64-mingw32/bin/../lib/gcc/nios2-elf/5.3.0/mno-hw-mul\libgcc.a
                0x0000000000002000                __alt_mem_onchip_memory2_0 = 0x2000

.entry          0x0000000000002000       0x20
 *(.entry)
 .entry         0x0000000000002000       0x20 ../mat_ua_ni2_bsp//obj/HAL/src/crt0.o
                0x0000000000002000                __reset
                0x000000000000200c                _exit

.exceptions     0x0000000000002020        0x0
                0x0000000000002020                PROVIDE (__ram_exceptions_start, ABSOLUTE (.))
                0x0000000000002020                . = ALIGN (0x20)
 *(.irq)
 *(.exceptions.entry.label)
 *(.exceptions.entry.user)
 *(.exceptions.entry.ecc_fatal)
 *(.exceptions.entry)
 *(.exceptions.irqtest.user)
 *(.exceptions.irqtest)
 *(.exceptions.irqhandler.user)
 *(.exceptions.irqhandler)
 *(.exceptions.irqreturn.user)
 *(.exceptions.irqreturn)
 *(.exceptions.notirq.label)
 *(.exceptions.notirq.user)
 *(.exceptions.notirq)
 *(.exceptions.soft.user)
 *(.exceptions.soft)
 *(.exceptions.unknown.user)
 *(.exceptions.unknown)
 *(.exceptions.exit.label)
 *(.exceptions.exit.user)
 *(.exceptions.exit)
 *(.exceptions)
                0x0000000000002020                PROVIDE (__ram_exceptions_end, ABSOLUTE (.))
                0x0000000000002020                PROVIDE (__flash_exceptions_start, LOADADDR (.exceptions))

.text           0x0000000000002020      0x1e0
                [!provide]                        PROVIDE (stext, ABSOLUTE (.))
 *(.interp)
 *(.hash)
 *(.dynsym)
 *(.dynstr)
 *(.gnu.version)
 *(.gnu.version_d)
 *(.gnu.version_r)
 *(.rel.init)
 *(.rela.init)
 *(.rel.text .rel.text.* .rel.gnu.linkonce.t.*)
 *(.rela.text .rela.text.* .rela.gnu.linkonce.t.*)
 *(.rel.fini)
 *(.rela.fini)
 *(.rel.rodata .rel.rodata.* .rel.gnu.linkonce.r.*)
 *(.rela.rodata .rela.rodata.* .rela.gnu.linkonce.r.*)
 *(.rel.data .rel.data.* .rel.gnu.linkonce.d.*)
 *(.rela.data .rela.data.* .rela.gnu.linkonce.d.*)
 *(.rel.tdata .rel.tdata.* .rel.gnu.linkonce.td.*)
 *(.rela.tdata .rela.tdata.* .rela.gnu.linkonce.td.*)
 *(.rel.tbss .rel.tbss.* .rel.gnu.linkonce.tb.*)
 *(.rela.tbss .rela.tbss.* .rela.gnu.linkonce.tb.*)
 *(.rel.ctors)
 *(.rela.ctors)
 *(.rel.dtors)
 *(.rela.dtors)
 *(.rel.got)
 *(.rela.got)
 *(.rel.sdata .rel.sdata.* .rel.gnu.linkonce.s.*)
 *(.rela.sdata .rela.sdata.* .rela.gnu.linkonce.s.*)
 *(.rel.sbss .rel.sbss.* .rel.gnu.linkonce.sb.*)
 *(.rela.sbss .rela.sbss.* .rela.gnu.linkonce.sb.*)
 *(.rel.sdata2 .rel.sdata2.* .rel.gnu.linkonce.s2.*)
 *(.rela.sdata2 .rela.sdata2.* .rela.gnu.linkonce.s2.*)
 *(.rel.sbss2 .rel.sbss2.* .rel.gnu.linkonce.sb2.*)
 *(.rela.sbss2 .rela.sbss2.* .rela.gnu.linkonce.sb2.*)
 *(.rel.bss .rel.bss.* .rel.gnu.linkonce.b.*)
 *(.rela.bss .rela.bss.* .rela.gnu.linkonce.b.*)
 *(.rel.plt)
 *(.rela.plt)
 *(.rel.dyn)
 *(.init)
 *(.plt)
 *(.text .stub .text.* .gnu.linkonce.t.*)
 .text          0x0000000000002020       0x3c ../mat_ua_ni2_bsp//obj/HAL/src/crt0.o
                0x0000000000002020                _start
 .text          0x000000000000205c        0x0 obj/default/hello_world_small.o
 .text.startup  0x000000000000205c       0x64 obj/default/hello_world_small.o
                0x000000000000205c                main
 .text          0x00000000000020c0       0xe0 ../mat_ua_ni2_bsp/\libhal_bsp.a(alt_load.o)
                0x00000000000020c0                alt_load
 .text          0x00000000000021a0       0x2c ../mat_ua_ni2_bsp/\libhal_bsp.a(alt_main.o)
                0x00000000000021a0                alt_main
 .text          0x00000000000021cc       0x24 ../mat_ua_ni2_bsp/\libhal_bsp.a(alt_sys_init.o)
                0x00000000000021cc                alt_irq_init
                0x00000000000021ec                alt_sys_init
 .text          0x00000000000021f0        0x4 ../mat_ua_ni2_bsp/\libhal_bsp.a(alt_dcache_flush_all.o)
                0x00000000000021f0                alt_dcache_flush_all
 .text          0x00000000000021f4        0x4 ../mat_ua_ni2_bsp/\libhal_bsp.a(alt_icache_flush_all.o)
                0x00000000000021f4                alt_icache_flush_all
 .text          0x00000000000021f8        0x8 ../mat_ua_ni2_bsp/\libhal_bsp.a(altera_nios2_gen2_irq.o)
                0x00000000000021f8                altera_nios2_gen2_irq_init
 *(.gnu.warning.*)
 *(.fini)
                [!provide]                        PROVIDE (__etext, ABSOLUTE (.))
                [!provide]                        PROVIDE (_etext, ABSOLUTE (.))
                [!provide]                        PROVIDE (etext, ABSOLUTE (.))
 *(.eh_frame_hdr)
                0x0000000000002200                . = ALIGN (0x4)
                [!provide]                        PROVIDE (__preinit_array_start, ABSOLUTE (.))
 *(.preinit_array)
                [!provide]                        PROVIDE (__preinit_array_end, ABSOLUTE (.))
                [!provide]                        PROVIDE (__init_array_start, ABSOLUTE (.))
 *(.init_array)
                [!provide]                        PROVIDE (__init_array_end, ABSOLUTE (.))
                [!provide]                        PROVIDE (__fini_array_start, ABSOLUTE (.))
 *(.fini_array)
                [!provide]                        PROVIDE (__fini_array_end, ABSOLUTE (.))
 *(.eh_frame)
 *(.gcc_except_table .gcc_except_table.*)
 *(.dynamic)
                [!provide]                        PROVIDE (__CTOR_LIST__, ABSOLUTE (.))
 *(.ctors)
 *(SORT(.ctors.*))
                [!provide]                        PROVIDE (__CTOR_END__, ABSOLUTE (.))
                [!provide]                        PROVIDE (__DTOR_LIST__, ABSOLUTE (.))
 *(.dtors)
 *(SORT(.dtors.*))
                [!provide]                        PROVIDE (__DTOR_END__, ABSOLUTE (.))
 *(.jcr)
                0x0000000000002200                . = ALIGN (0x4)

.rodata         0x0000000000002200        0x0
                0x0000000000002200                PROVIDE (__ram_rodata_start, ABSOLUTE (.))
                0x0000000000002200                . = ALIGN (0x4)
 *(.rodata .rodata.* .gnu.linkonce.r.*)
 *(.rodata1)
                0x0000000000002200                . = ALIGN (0x4)
                0x0000000000002200                PROVIDE (__ram_rodata_end, ABSOLUTE (.))
                0x0000000000002200                PROVIDE (__flash_rodata_start, LOADADDR (.rodata))

.rwdata         0x0000000000002200        0x8 load address 0x0000000000002208
                0x0000000000002200                PROVIDE (__ram_rwdata_start, ABSOLUTE (.))
                0x0000000000002200                . = ALIGN (0x4)
 *(.got.plt)
 *(.got)
 *(.data1)
 *(.data .data.* .gnu.linkonce.d.*)
 .data          0x0000000000002200        0x0 ../mat_ua_ni2_bsp//obj/HAL/src/crt0.o
 .data          0x0000000000002200        0x0 obj/default/hello_world_small.o
 .data          0x0000000000002200        0x0 ../mat_ua_ni2_bsp/\libhal_bsp.a(alt_load.o)
 .data          0x0000000000002200        0x0 ../mat_ua_ni2_bsp/\libhal_bsp.a(alt_main.o)
 .data          0x0000000000002200        0x0 ../mat_ua_ni2_bsp/\libhal_bsp.a(alt_sys_init.o)
 .data          0x0000000000002200        0x0 ../mat_ua_ni2_bsp/\libhal_bsp.a(alt_dcache_flush_all.o)
 .data          0x0000000000002200        0x0 ../mat_ua_ni2_bsp/\libhal_bsp.a(alt_icache_flush_all.o)
 .data          0x0000000000002200        0x0 ../mat_ua_ni2_bsp/\libhal_bsp.a(altera_nios2_gen2_irq.o)
                0x000000000000a200                _gp = ABSOLUTE ((. + 0x8000))
                [!provide]                        PROVIDE (gp, _gp)
 *(.rwdata .rwdata.*)
 *(.sdata .sdata.* .gnu.linkonce.s.*)
 .sdata         0x0000000000002200        0x8 ../mat_ua_ni2_bsp/\libhal_bsp.a(alt_sys_init.o)
                0x0000000000002200                uart_0
                0x0000000000002204                jtag_uart_0
 *(.sdata2 .sdata2.* .gnu.linkonce.s2.*)
                0x0000000000002208                . = ALIGN (0x4)
                0x0000000000002208                _edata = ABSOLUTE (.)
                [!provide]                        PROVIDE (edata, ABSOLUTE (.))
                0x0000000000002208                PROVIDE (__ram_rwdata_end, ABSOLUTE (.))
                0x0000000000002208                PROVIDE (__flash_rwdata_start, LOADADDR (.rwdata))

.bss            0x0000000000002210        0xc
                0x0000000000002210                __bss_start = ABSOLUTE (.)
                [!provide]                        PROVIDE (__sbss_start, ABSOLUTE (.))
                [!provide]                        PROVIDE (___sbss_start, ABSOLUTE (.))
 *(.dynsbss)
 *(.sbss .sbss.* .gnu.linkonce.sb.*)
 .sbss          0x0000000000002210        0xc ../mat_ua_ni2_bsp/\libhal_bsp.a(alt_main.o)
                0x0000000000002210                alt_envp
                0x0000000000002214                alt_argv
                0x0000000000002218                alt_argc
 *(.sbss2 .sbss2.* .gnu.linkonce.sb2.*)
 *(.scommon)
                [!provide]                        PROVIDE (__sbss_end, ABSOLUTE (.))
                [!provide]                        PROVIDE (___sbss_end, ABSOLUTE (.))
 *(.dynbss)
 *(.bss .bss.* .gnu.linkonce.b.*)
 .bss           0x000000000000221c        0x0 ../mat_ua_ni2_bsp//obj/HAL/src/crt0.o
 .bss           0x000000000000221c        0x0 obj/default/hello_world_small.o
 .bss           0x000000000000221c        0x0 ../mat_ua_ni2_bsp/\libhal_bsp.a(alt_load.o)
 .bss           0x000000000000221c        0x0 ../mat_ua_ni2_bsp/\libhal_bsp.a(alt_main.o)
 .bss           0x000000000000221c        0x0 ../mat_ua_ni2_bsp/\libhal_bsp.a(alt_sys_init.o)
 .bss           0x000000000000221c        0x0 ../mat_ua_ni2_bsp/\libhal_bsp.a(alt_dcache_flush_all.o)
 .bss           0x000000000000221c        0x0 ../mat_ua_ni2_bsp/\libhal_bsp.a(alt_icache_flush_all.o)
 .bss           0x000000000000221c        0x0 ../mat_ua_ni2_bsp/\libhal_bsp.a(altera_nios2_gen2_irq.o)
 *(COMMON)
                0x000000000000221c                . = ALIGN (0x4)
                0x000000000000221c                __bss_end = ABSOLUTE (.)

.onchip_memory2_0
                0x000000000000221c        0x0
                [!provide]                        PROVIDE (_alt_partition_onchip_memory2_0_start, ABSOLUTE (.))
 *(.onchip_memory2_0 .onchip_memory2_0. onchip_memory2_0.*)
                0x000000000000221c                . = ALIGN (0x4)
                [!provide]                        PROVIDE (_alt_partition_onchip_memory2_0_end, ABSOLUTE (.))
                0x000000000000221c                _end = ABSOLUTE (.)
                0x000000000000221c                end = ABSOLUTE (.)
                0x000000000000221c                __alt_stack_base = ABSOLUTE (.)
                [!provide]                        PROVIDE (_alt_partition_onchip_memory2_0_load_addr, LOADADDR (.onchip_memory2_0))

.stab
 *(.stab)

.stabstr
 *(.stabstr)

.stab.excl
 *(.stab.excl)

.stab.exclstr
 *(.stab.exclstr)

.stab.index
 *(.stab.index)

.stab.indexstr
 *(.stab.indexstr)

.comment        0x0000000000000000       0x23
 *(.comment)
 .comment       0x0000000000000000       0x23 obj/default/hello_world_small.o
                                         0x24 (size before relaxing)
 .comment       0x0000000000000023       0x24 ../mat_ua_ni2_bsp/\libhal_bsp.a(alt_load.o)
 .comment       0x0000000000000023       0x24 ../mat_ua_ni2_bsp/\libhal_bsp.a(alt_main.o)
 .comment       0x0000000000000023       0x24 ../mat_ua_ni2_bsp/\libhal_bsp.a(alt_sys_init.o)
 .comment       0x0000000000000023       0x24 ../mat_ua_ni2_bsp/\libhal_bsp.a(alt_dcache_flush_all.o)
 .comment       0x0000000000000023       0x24 ../mat_ua_ni2_bsp/\libhal_bsp.a(alt_icache_flush_all.o)
 .comment       0x0000000000000023       0x24 ../mat_ua_ni2_bsp/\libhal_bsp.a(altera_nios2_gen2_irq.o)

.debug
 *(.debug)

.line
 *(.line)

.debug_srcinfo
 *(.debug_srcinfo)

.debug_sfnames
 *(.debug_sfnames)

.debug_aranges  0x0000000000000000      0x108
 *(.debug_aranges)
 .debug_aranges
                0x0000000000000000       0x28 ../mat_ua_ni2_bsp//obj/HAL/src/crt0.o
 .debug_aranges
                0x0000000000000028       0x20 obj/default/hello_world_small.o
 .debug_aranges
                0x0000000000000048       0x20 ../mat_ua_ni2_bsp/\libhal_bsp.a(alt_load.o)
 .debug_aranges
                0x0000000000000068       0x20 ../mat_ua_ni2_bsp/\libhal_bsp.a(alt_main.o)
 .debug_aranges
                0x0000000000000088       0x20 ../mat_ua_ni2_bsp/\libhal_bsp.a(alt_sys_init.o)
 .debug_aranges
                0x00000000000000a8       0x20 ../mat_ua_ni2_bsp/\libhal_bsp.a(alt_dcache_flush_all.o)
 .debug_aranges
                0x00000000000000c8       0x20 ../mat_ua_ni2_bsp/\libhal_bsp.a(alt_icache_flush_all.o)
 .debug_aranges
                0x00000000000000e8       0x20 ../mat_ua_ni2_bsp/\libhal_bsp.a(altera_nios2_gen2_irq.o)

.debug_pubnames
 *(.debug_pubnames)

.debug_info     0x0000000000000000      0x83f
 *(.debug_info .gnu.linkonce.wi.*)
 .debug_info    0x0000000000000000       0x72 ../mat_ua_ni2_bsp//obj/HAL/src/crt0.o
 .debug_info    0x0000000000000072      0x12b obj/default/hello_world_small.o
 .debug_info    0x000000000000019d      0x1c9 ../mat_ua_ni2_bsp/\libhal_bsp.a(alt_load.o)
 .debug_info    0x0000000000000366      0x169 ../mat_ua_ni2_bsp/\libhal_bsp.a(alt_main.o)
 .debug_info    0x00000000000004cf      0x1ba ../mat_ua_ni2_bsp/\libhal_bsp.a(alt_sys_init.o)
 .debug_info    0x0000000000000689       0x92 ../mat_ua_ni2_bsp/\libhal_bsp.a(alt_dcache_flush_all.o)
 .debug_info    0x000000000000071b       0x92 ../mat_ua_ni2_bsp/\libhal_bsp.a(alt_icache_flush_all.o)
 .debug_info    0x00000000000007ad       0x92 ../mat_ua_ni2_bsp/\libhal_bsp.a(altera_nios2_gen2_irq.o)

.debug_abbrev   0x0000000000000000      0x485
 *(.debug_abbrev)
 .debug_abbrev  0x0000000000000000       0x12 ../mat_ua_ni2_bsp//obj/HAL/src/crt0.o
 .debug_abbrev  0x0000000000000012       0xe0 obj/default/hello_world_small.o
 .debug_abbrev  0x00000000000000f2       0xd8 ../mat_ua_ni2_bsp/\libhal_bsp.a(alt_load.o)
 .debug_abbrev  0x00000000000001ca       0xee ../mat_ua_ni2_bsp/\libhal_bsp.a(alt_main.o)
 .debug_abbrev  0x00000000000002b8      0x107 ../mat_ua_ni2_bsp/\libhal_bsp.a(alt_sys_init.o)
 .debug_abbrev  0x00000000000003bf       0x42 ../mat_ua_ni2_bsp/\libhal_bsp.a(alt_dcache_flush_all.o)
 .debug_abbrev  0x0000000000000401       0x42 ../mat_ua_ni2_bsp/\libhal_bsp.a(alt_icache_flush_all.o)
 .debug_abbrev  0x0000000000000443       0x42 ../mat_ua_ni2_bsp/\libhal_bsp.a(altera_nios2_gen2_irq.o)

.debug_line     0x0000000000000000      0x510
 *(.debug_line)
 .debug_line    0x0000000000000000       0x66 ../mat_ua_ni2_bsp//obj/HAL/src/crt0.o
 .debug_line    0x0000000000000066      0x144 obj/default/hello_world_small.o
 .debug_line    0x00000000000001aa       0xa4 ../mat_ua_ni2_bsp/\libhal_bsp.a(alt_load.o)
 .debug_line    0x000000000000024e       0xbd ../mat_ua_ni2_bsp/\libhal_bsp.a(alt_main.o)
 .debug_line    0x000000000000030b      0x119 ../mat_ua_ni2_bsp/\libhal_bsp.a(alt_sys_init.o)
 .debug_line    0x0000000000000424       0x4e ../mat_ua_ni2_bsp/\libhal_bsp.a(alt_dcache_flush_all.o)
 .debug_line    0x0000000000000472       0x4e ../mat_ua_ni2_bsp/\libhal_bsp.a(alt_icache_flush_all.o)
 .debug_line    0x00000000000004c0       0x50 ../mat_ua_ni2_bsp/\libhal_bsp.a(altera_nios2_gen2_irq.o)

.debug_frame    0x0000000000000000      0x118
 *(.debug_frame)
 .debug_frame   0x0000000000000000       0x20 obj/default/hello_world_small.o
 .debug_frame   0x0000000000000020       0x30 ../mat_ua_ni2_bsp/\libhal_bsp.a(alt_load.o)
 .debug_frame   0x0000000000000050       0x2c ../mat_ua_ni2_bsp/\libhal_bsp.a(alt_main.o)
 .debug_frame   0x000000000000007c       0x3c ../mat_ua_ni2_bsp/\libhal_bsp.a(alt_sys_init.o)
 .debug_frame   0x00000000000000b8       0x20 ../mat_ua_ni2_bsp/\libhal_bsp.a(alt_dcache_flush_all.o)
 .debug_frame   0x00000000000000d8       0x20 ../mat_ua_ni2_bsp/\libhal_bsp.a(alt_icache_flush_all.o)
 .debug_frame   0x00000000000000f8       0x20 ../mat_ua_ni2_bsp/\libhal_bsp.a(altera_nios2_gen2_irq.o)

.debug_str      0x0000000000000000      0x456
 *(.debug_str)
 .debug_str     0x0000000000000000      0x115 obj/default/hello_world_small.o
                                        0x156 (size before relaxing)
 .debug_str     0x0000000000000115      0x16e ../mat_ua_ni2_bsp/\libhal_bsp.a(alt_load.o)
                                        0x240 (size before relaxing)
 .debug_str     0x0000000000000283       0x8f ../mat_ua_ni2_bsp/\libhal_bsp.a(alt_main.o)
                                        0x1b9 (size before relaxing)
 .debug_str     0x0000000000000312       0xe6 ../mat_ua_ni2_bsp/\libhal_bsp.a(alt_sys_init.o)
                                        0x265 (size before relaxing)
 .debug_str     0x00000000000003f8       0x1f ../mat_ua_ni2_bsp/\libhal_bsp.a(alt_dcache_flush_all.o)
                                        0x159 (size before relaxing)
 .debug_str     0x0000000000000417       0x1f ../mat_ua_ni2_bsp/\libhal_bsp.a(alt_icache_flush_all.o)
                                        0x159 (size before relaxing)
 .debug_str     0x0000000000000436       0x20 ../mat_ua_ni2_bsp/\libhal_bsp.a(altera_nios2_gen2_irq.o)
                                        0x160 (size before relaxing)

.debug_loc      0x0000000000000000       0x47
 *(.debug_loc)
 .debug_loc     0x0000000000000000       0x26 obj/default/hello_world_small.o
 .debug_loc     0x0000000000000026       0x21 ../mat_ua_ni2_bsp/\libhal_bsp.a(alt_sys_init.o)

.debug_macinfo
 *(.debug_macinfo)

.debug_weaknames
 *(.debug_weaknames)

.debug_funcnames
 *(.debug_funcnames)

.debug_typenames
 *(.debug_typenames)

.debug_varnames
 *(.debug_varnames)

.debug_alt_sim_info
                0x0000000000000000       0x10
 *(.debug_alt_sim_info)
 .debug_alt_sim_info
                0x0000000000000000       0x10 ../mat_ua_ni2_bsp//obj/HAL/src/crt0.o
                0x0000000000004000                __alt_data_end = 0x4000
                0x0000000000004000                PROVIDE (__alt_stack_pointer, __alt_data_end)
                [!provide]                        PROVIDE (__alt_stack_limit, __alt_stack_base)
                [!provide]                        PROVIDE (__alt_heap_start, end)
                [!provide]                        PROVIDE (__alt_heap_limit, 0x4000)
OUTPUT(mat_ua_ni2.elf elf32-littlenios2)

.debug_ranges   0x0000000000000000       0xa8
 .debug_ranges  0x0000000000000000       0x20 ../mat_ua_ni2_bsp//obj/HAL/src/crt0.o
 .debug_ranges  0x0000000000000020       0x40 obj/default/hello_world_small.o
 .debug_ranges  0x0000000000000060       0x48 ../mat_ua_ni2_bsp/\libhal_bsp.a(alt_load.o)
