Flow report for servo_ua
Wed Dec 24 19:13:28 2025
Quartus Prime Version 17.1.0 Build 590 10/25/2017 SJ Lite Edition


---------------------
; Table of Contents ;
---------------------
  1. Legal Notice
  2. Flow Summary
  3. Flow Settings
  4. Flow Non-Default Global Settings
  5. Flow Elapsed Time
  6. Flow OS Summary
  7. Flow Log
  8. Flow Messages
  9. Flow Suppressed Messages



----------------
; Legal Notice ;
----------------
Copyright (C) 2017  Intel Corporation. All rights reserved.
Your use of Intel Corporation's design tools, logic functions 
and other software and tools, and its AMPP partner logic 
functions, and any output files from any of the foregoing 
(including device programming or simulation files), and any 
associated documentation or information are expressly subject 
to the terms and conditions of the Intel Program License 
Subscription Agreement, the Intel Quartus Prime License Agreement,
the Intel FPGA IP License Agreement, or other applicable license
agreement, including, without limitation, that your use is for
the sole purpose of programming logic devices manufactured by
Intel and sold by Intel or its authorized distributors.  Please
refer to the applicable agreement for further details.



+----------------------------------------------------------------------------------+
; Flow Summary                                                                     ;
+------------------------------------+---------------------------------------------+
; Flow Status                        ; Successful - Wed Dec 24 19:13:25 2025       ;
; Quartus Prime Version              ; 17.1.0 Build 590 10/25/2017 SJ Lite Edition ;
; Revision Name                      ; servo_ua                                    ;
; Top-level Entity Name              ; servo_ua_top                                ;
; Family                             ; MAX 10                                      ;
; Device                             ; 10M08SCE144C8G                              ;
; Timing Models                      ; Final                                       ;
; Total logic elements               ; 2,837 / 8,064 ( 35 % )                      ;
;     Total combinational functions  ; 2,691 / 8,064 ( 33 % )                      ;
;     Dedicated logic registers      ; 1,345 / 8,064 ( 17 % )                      ;
; Total registers                    ; 1345                                        ;
; Total pins                         ; 7 / 101 ( 7 % )                             ;
; Total virtual pins                 ; 0                                           ;
; Total memory bits                  ; 139,336 / 387,072 ( 36 % )                  ;
; Embedded Multiplier 9-bit elements ; 0 / 48 ( 0 % )                              ;
; Total PLLs                         ; 0 / 1 ( 0 % )                               ;
; UFM blocks                         ; 0 / 1 ( 0 % )                               ;
; ADC blocks                         ; 0                                           ;
+------------------------------------+---------------------------------------------+


+-----------------------------------------+
; Flow Settings                           ;
+-------------------+---------------------+
; Option            ; Setting             ;
+-------------------+---------------------+
; Start date & time ; 12/24/2025 19:12:45 ;
; Main task         ; Compilation         ;
; Revision Name     ; servo_ua            ;
+-------------------+---------------------+


+----------------------------------------------------------------------------------------------------------------------------------------------+
; Flow Non-Default Global Settings                                                                                                             ;
+-------------------------------------+------------------------------------------------------------+---------------+--------------+------------+
; Assignment Name                     ; Value                                                      ; Default Value ; Entity Name  ; Section Id ;
+-------------------------------------+------------------------------------------------------------+---------------+--------------+------------+
; COMPILER_SIGNATURE_ID               ; 9413557014154.176662156520816                              ; --            ; --           ; --         ;
; FLOW_ENABLE_POWER_ANALYZER          ; On                                                         ; Off           ; --           ; --         ;
; MAX_CORE_JUNCTION_TEMP              ; 85                                                         ; --            ; --           ; --         ;
; MIN_CORE_JUNCTION_TEMP              ; 0                                                          ; --            ; --           ; --         ;
; MISC_FILE                           ; servo_ua/synthesis/../servo_ua.cmp                         ; --            ; --           ; --         ;
; MISC_FILE                           ; servo_ua/synthesis/../../servo_ua.qsys                     ; --            ; --           ; --         ;
; PARTITION_COLOR                     ; -- (Not supported for targeted family)                     ; --            ; servo_ua_top ; Top        ;
; PARTITION_FITTER_PRESERVATION_LEVEL ; -- (Not supported for targeted family)                     ; --            ; servo_ua_top ; Top        ;
; PARTITION_NETLIST_TYPE              ; -- (Not supported for targeted family)                     ; --            ; servo_ua_top ; Top        ;
; POWER_BOARD_THERMAL_MODEL           ; None (CONSERVATIVE)                                        ; --            ; --           ; --         ;
; POWER_DEFAULT_INPUT_IO_TOGGLE_RATE  ; 12.5 %                                                     ; 12.5%         ; --           ; --         ;
; POWER_PRESET_COOLING_SOLUTION       ; 23 MM HEAT SINK WITH 200 LFPM AIRFLOW                      ; --            ; --           ; --         ;
; PROJECT_OUTPUT_DIRECTORY            ; output_files                                               ; --            ; --           ; --         ;
; SLD_FILE                            ; servo_ua/synthesis/servo_ua.regmap                         ; --            ; --           ; --         ;
; SLD_FILE                            ; servo_ua/synthesis/servo_ua.debuginfo                      ; --            ; --           ; --         ;
; SLD_INFO                            ; QSYS_NAME servo_ua HAS_SOPCINFO 1 GENERATION_ID 1766599965 ; --            ; --           ; --         ;
; SOPCINFO_FILE                       ; servo_ua/synthesis/../../servo_ua.sopcinfo                 ; --            ; --           ; --         ;
; SYNTHESIS_ONLY_QIP                  ; On                                                         ; --            ; --           ; --         ;
; TOP_LEVEL_ENTITY                    ; servo_ua_top                                               ; servo_ua      ; --           ; --         ;
+-------------------------------------+------------------------------------------------------------+---------------+--------------+------------+


+-------------------------------------------------------------------------------------------------------------------------------+
; Flow Elapsed Time                                                                                                             ;
+---------------------------+--------------+-------------------------+---------------------+------------------------------------+
; Module Name               ; Elapsed Time ; Average Processors Used ; Peak Virtual Memory ; Total CPU Time (on all processors) ;
+---------------------------+--------------+-------------------------+---------------------+------------------------------------+
; Analysis & Synthesis      ; 00:00:24     ; 1.0                     ; 4952 MB             ; 00:00:37                           ;
; Fitter                    ; 00:00:07     ; 1.7                     ; 5898 MB             ; 00:00:14                           ;
; Assembler                 ; 00:00:02     ; 1.0                     ; 4693 MB             ; 00:00:01                           ;
; Power Analyzer            ; 00:00:03     ; 2.3                     ; 4905 MB             ; 00:00:05                           ;
; TimeQuest Timing Analyzer ; 00:00:02     ; 2.3                     ; 4867 MB             ; 00:00:05                           ;
; Total                     ; 00:00:38     ; --                      ; --                  ; 00:01:02                           ;
+---------------------------+--------------+-------------------------+---------------------+------------------------------------+


+-----------------------------------------------------------------------------------------+
; Flow OS Summary                                                                         ;
+---------------------------+------------------+------------+------------+----------------+
; Module Name               ; Machine Hostname ; OS Name    ; OS Version ; Processor type ;
+---------------------------+------------------+------------+------------+----------------+
; Analysis & Synthesis      ; DESKTOP-A1TPPA8  ; Windows 10 ; 10.0       ; x86_64         ;
; Fitter                    ; DESKTOP-A1TPPA8  ; Windows 10 ; 10.0       ; x86_64         ;
; Assembler                 ; DESKTOP-A1TPPA8  ; Windows 10 ; 10.0       ; x86_64         ;
; Power Analyzer            ; DESKTOP-A1TPPA8  ; Windows 10 ; 10.0       ; x86_64         ;
; TimeQuest Timing Analyzer ; DESKTOP-A1TPPA8  ; Windows 10 ; 10.0       ; x86_64         ;
+---------------------------+------------------+------------+------------+----------------+


------------
; Flow Log ;
------------
quartus_map --read_settings_files=on --write_settings_files=off servo_ua -c servo_ua
quartus_fit --read_settings_files=off --write_settings_files=off servo_ua -c servo_ua
quartus_asm --read_settings_files=off --write_settings_files=off servo_ua -c servo_ua
quartus_pow --read_settings_files=off --write_settings_files=off servo_ua -c servo_ua
quartus_sta servo_ua -c servo_ua



