Archive member included to satisfy reference by file (symbol)

../test_tx_ua_bsp/\libhal_bsp.a(alt_load.o)
                              ../test_tx_ua_bsp//obj/HAL/src/crt0.o (alt_load)
../test_tx_ua_bsp/\libhal_bsp.a(alt_main.o)
                              ../test_tx_ua_bsp//obj/HAL/src/crt0.o (alt_main)
../test_tx_ua_bsp/\libhal_bsp.a(alt_usleep.o)
                              obj/default/hello_world_small.o (usleep)
../test_tx_ua_bsp/\libhal_bsp.a(alt_sys_init.o)
                              ../test_tx_ua_bsp/\libhal_bsp.a(alt_main.o) (alt_irq_init)
../test_tx_ua_bsp/\libhal_bsp.a(altera_avalon_i2c.o)
                              ../test_tx_ua_bsp/\libhal_bsp.a(alt_sys_init.o) (alt_avalon_i2c_init)
../test_tx_ua_bsp/\libhal_bsp.a(alt_busy_sleep.o)
                              ../test_tx_ua_bsp/\libhal_bsp.a(alt_usleep.o) (alt_busy_sleep)
../test_tx_ua_bsp/\libhal_bsp.a(alt_dcache_flush_all.o)
                              ../test_tx_ua_bsp/\libhal_bsp.a(alt_load.o) (alt_dcache_flush_all)
../test_tx_ua_bsp/\libhal_bsp.a(alt_dev_llist_insert.o)
                              ../test_tx_ua_bsp/\libhal_bsp.a(altera_avalon_i2c.o) (alt_dev_llist_insert)
../test_tx_ua_bsp/\libhal_bsp.a(alt_errno.o)
                              ../test_tx_ua_bsp/\libhal_bsp.a(alt_dev_llist_insert.o) (alt_errno)
../test_tx_ua_bsp/\libhal_bsp.a(alt_find_dev.o)
                              ../test_tx_ua_bsp/\libhal_bsp.a(altera_avalon_i2c.o) (alt_find_dev)
../test_tx_ua_bsp/\libhal_bsp.a(alt_icache_flush_all.o)
                              ../test_tx_ua_bsp/\libhal_bsp.a(alt_load.o) (alt_icache_flush_all)
../test_tx_ua_bsp/\libhal_bsp.a(alt_iic.o)
                              ../test_tx_ua_bsp/\libhal_bsp.a(altera_avalon_i2c.o) (alt_ic_isr_register)
../test_tx_ua_bsp/\libhal_bsp.a(alt_iic_isr_register.o)
                              ../test_tx_ua_bsp/\libhal_bsp.a(alt_iic.o) (alt_iic_isr_register)
../test_tx_ua_bsp/\libhal_bsp.a(alt_irq_entry.o)
                              ../test_tx_ua_bsp/\libhal_bsp.a(alt_iic_isr_register.o) (alt_irq_entry)
../test_tx_ua_bsp/\libhal_bsp.a(alt_irq_handler.o)
                              ../test_tx_ua_bsp/\libhal_bsp.a(alt_iic_isr_register.o) (alt_irq_handler)
../test_tx_ua_bsp/\libhal_bsp.a(alt_irq_vars.o)
                              ../test_tx_ua_bsp/\libhal_bsp.a(alt_iic.o) (alt_irq_active)
../test_tx_ua_bsp/\libhal_bsp.a(altera_nios2_gen2_irq.o)
                              ../test_tx_ua_bsp/\libhal_bsp.a(alt_sys_init.o) (altera_nios2_gen2_irq_init)
../test_tx_ua_bsp/\libhal_bsp.a(alt_exception_entry.o)
                              ../test_tx_ua_bsp/\libhal_bsp.a(alt_irq_entry.o) (alt_exception)
../test_tx_ua_bsp/\libhal_bsp.a(alt_instruction_exception_entry.o)
                              ../test_tx_ua_bsp/\libhal_bsp.a(alt_exception_entry.o) (alt_instruction_exception_entry)
c:/intelfpga_lite/17.1/nios2eds/bin/gnu/h-x86_64-mingw32/bin/../lib/gcc/nios2-elf/5.3.0/../../../../../H-x86_64-mingw32/nios2-elf/lib/mno-hw-mul\libsmallc.a(lib_a-int_errno.o)
                              ../test_tx_ua_bsp/\libhal_bsp.a(alt_dev_llist_insert.o) (errno)
c:/intelfpga_lite/17.1/nios2eds/bin/gnu/h-x86_64-mingw32/bin/../lib/gcc/nios2-elf/5.3.0/../../../../../H-x86_64-mingw32/nios2-elf/lib/mno-hw-mul\libsmallc.a(lib_a-memcmp.o)
                              ../test_tx_ua_bsp/\libhal_bsp.a(alt_find_dev.o) (memcmp)
c:/intelfpga_lite/17.1/nios2eds/bin/gnu/h-x86_64-mingw32/bin/../lib/gcc/nios2-elf/5.3.0/../../../../../H-x86_64-mingw32/nios2-elf/lib/mno-hw-mul\libsmallc.a(lib_a-strlen.o)
                              ../test_tx_ua_bsp/\libhal_bsp.a(alt_find_dev.o) (strlen)
c:/intelfpga_lite/17.1/nios2eds/bin/gnu/h-x86_64-mingw32/bin/../lib/gcc/nios2-elf/5.3.0/mno-hw-mul\libgcc.a(lib2-divmod.o)
                              ../test_tx_ua_bsp/\libhal_bsp.a(altera_avalon_i2c.o) (__udivsi3)
c:/intelfpga_lite/17.1/nios2eds/bin/gnu/h-x86_64-mingw32/bin/../lib/gcc/nios2-elf/5.3.0/mno-hw-mul\libgcc.a(lib2-mul.o)
                              ../test_tx_ua_bsp/\libhal_bsp.a(altera_avalon_i2c.o) (__mulsi3)

Allocating common symbols
Common symbol       size              file

alt_irq             0x100             ../test_tx_ua_bsp/\libhal_bsp.a(alt_irq_handler.o)
errno               0x4               c:/intelfpga_lite/17.1/nios2eds/bin/gnu/h-x86_64-mingw32/bin/../lib/gcc/nios2-elf/5.3.0/../../../../../H-x86_64-mingw32/nios2-elf/lib/mno-hw-mul\libsmallc.a(lib_a-int_errno.o)

Memory Configuration

Name             Origin             Length             Attributes
reset            0x0000000000004000 0x0000000000000020
onchip_memory2_0 0x0000000000004020 0x0000000000003e60
*default*        0x0000000000000000 0xffffffffffffffff

Linker script and memory map

LOAD ../test_tx_ua_bsp//obj/HAL/src/crt0.o
LOAD obj/default/hello_world_small.o
LOAD c:/intelfpga_lite/17.1/nios2eds/bin/gnu/h-x86_64-mingw32/bin/../lib/gcc/nios2-elf/5.3.0/../../../../../H-x86_64-mingw32/nios2-elf/lib/mno-hw-mul\libstdc++.a
LOAD c:/intelfpga_lite/17.1/nios2eds/bin/gnu/h-x86_64-mingw32/bin/../lib/gcc/nios2-elf/5.3.0/../../../../../H-x86_64-mingw32/nios2-elf/lib/mno-hw-mul\libm.a
LOAD c:/intelfpga_lite/17.1/nios2eds/bin/gnu/h-x86_64-mingw32/bin/../lib/gcc/nios2-elf/5.3.0/mno-hw-mul\libgcc.a
START GROUP
LOAD c:/intelfpga_lite/17.1/nios2eds/bin/gnu/h-x86_64-mingw32/bin/../lib/gcc/nios2-elf/5.3.0/../../../../../H-x86_64-mingw32/nios2-elf/lib/mno-hw-mul\libsmallc.a
LOAD c:/intelfpga_lite/17.1/nios2eds/bin/gnu/h-x86_64-mingw32/bin/../lib/gcc/nios2-elf/5.3.0/mno-hw-mul\libgcc.a
LOAD ../test_tx_ua_bsp/\libhal_bsp.a
LOAD c:/intelfpga_lite/17.1/nios2eds/bin/gnu/h-x86_64-mingw32/bin/../lib/gcc/nios2-elf/5.3.0/../../../../../H-x86_64-mingw32/nios2-elf/lib/mno-hw-mul\libm.a
END GROUP
LOAD c:/intelfpga_lite/17.1/nios2eds/bin/gnu/h-x86_64-mingw32/bin/../lib/gcc/nios2-elf/5.3.0/mno-hw-mul\libgcc.a
                0x0000000000004000                __alt_mem_onchip_memory2_0 = 0x4000

.entry          0x0000000000004000       0x20
 *(.entry)
 .entry         0x0000000000004000       0x20 ../test_tx_ua_bsp//obj/HAL/src/crt0.o
                0x0000000000004000                __reset
                0x000000000000400c                _exit

.exceptions     0x0000000000004020      0x160
                0x0000000000004020                PROVIDE (__ram_exceptions_start, ABSOLUTE (.))
                0x0000000000004020                . = ALIGN (0x20)
 *(.irq)
 *(.exceptions.entry.label)
 .exceptions.entry.label
                0x0000000000004020        0x0 ../test_tx_ua_bsp/\libhal_bsp.a(alt_irq_entry.o)
                0x0000000000004020                alt_irq_entry
 .exceptions.entry.label
                0x0000000000004020        0x0 ../test_tx_ua_bsp/\libhal_bsp.a(alt_exception_entry.o)
                0x0000000000004020                alt_exception
 *(.exceptions.entry.user)
 *(.exceptions.entry.ecc_fatal)
 *(.exceptions.entry)
 .exceptions.entry
                0x0000000000004020       0x54 ../test_tx_ua_bsp/\libhal_bsp.a(alt_exception_entry.o)
 *(.exceptions.irqtest.user)
 *(.exceptions.irqtest)
 .exceptions.irqtest
                0x0000000000004074       0x10 ../test_tx_ua_bsp/\libhal_bsp.a(alt_irq_entry.o)
 *(.exceptions.irqhandler.user)
 *(.exceptions.irqhandler)
 .exceptions.irqhandler
                0x0000000000004084        0x4 ../test_tx_ua_bsp/\libhal_bsp.a(alt_irq_entry.o)
 *(.exceptions.irqreturn.user)
 *(.exceptions.irqreturn)
 .exceptions.irqreturn
                0x0000000000004088        0x4 ../test_tx_ua_bsp/\libhal_bsp.a(alt_irq_entry.o)
 *(.exceptions.notirq.label)
 .exceptions.notirq.label
                0x000000000000408c        0x0 ../test_tx_ua_bsp/\libhal_bsp.a(alt_irq_entry.o)
 *(.exceptions.notirq.user)
 *(.exceptions.notirq)
 .exceptions.notirq
                0x000000000000408c        0x8 ../test_tx_ua_bsp/\libhal_bsp.a(alt_exception_entry.o)
 *(.exceptions.soft.user)
 *(.exceptions.soft)
 *(.exceptions.unknown.user)
 *(.exceptions.unknown)
 .exceptions.unknown
                0x0000000000004094       0x14 ../test_tx_ua_bsp/\libhal_bsp.a(alt_exception_entry.o)
 *(.exceptions.exit.label)
 .exceptions.exit.label
                0x00000000000040a8        0x0 ../test_tx_ua_bsp/\libhal_bsp.a(alt_irq_entry.o)
 .exceptions.exit.label
                0x00000000000040a8        0x0 ../test_tx_ua_bsp/\libhal_bsp.a(alt_exception_entry.o)
 *(.exceptions.exit.user)
 *(.exceptions.exit)
 .exceptions.exit
                0x00000000000040a8       0x54 ../test_tx_ua_bsp/\libhal_bsp.a(alt_exception_entry.o)
 *(.exceptions)
 .exceptions    0x00000000000040fc       0x60 ../test_tx_ua_bsp/\libhal_bsp.a(alt_irq_handler.o)
                0x00000000000040fc                alt_irq_handler
 .exceptions    0x000000000000415c       0x24 ../test_tx_ua_bsp/\libhal_bsp.a(alt_instruction_exception_entry.o)
                0x000000000000415c                alt_instruction_exception_entry
                0x0000000000004180                PROVIDE (__ram_exceptions_end, ABSOLUTE (.))
                0x0000000000004020                PROVIDE (__flash_exceptions_start, LOADADDR (.exceptions))

.text           0x0000000000004180     0x184c
                [!provide]                        PROVIDE (stext, ABSOLUTE (.))
 *(.interp)
 *(.hash)
 *(.dynsym)
 *(.dynstr)
 *(.gnu.version)
 *(.gnu.version_d)
 *(.gnu.version_r)
 *(.rel.init)
 *(.rela.init)
 *(.rel.text .rel.text.* .rel.gnu.linkonce.t.*)
 *(.rela.text .rela.text.* .rela.gnu.linkonce.t.*)
 *(.rel.fini)
 *(.rela.fini)
 *(.rel.rodata .rel.rodata.* .rel.gnu.linkonce.r.*)
 *(.rela.rodata .rela.rodata.* .rela.gnu.linkonce.r.*)
 *(.rel.data .rel.data.* .rel.gnu.linkonce.d.*)
 *(.rela.data .rela.data.* .rela.gnu.linkonce.d.*)
 *(.rel.tdata .rel.tdata.* .rel.gnu.linkonce.td.*)
 *(.rela.tdata .rela.tdata.* .rela.gnu.linkonce.td.*)
 *(.rel.tbss .rel.tbss.* .rel.gnu.linkonce.tb.*)
 *(.rela.tbss .rela.tbss.* .rela.gnu.linkonce.tb.*)
 *(.rel.ctors)
 *(.rela.ctors)
 *(.rel.dtors)
 *(.rela.dtors)
 *(.rel.got)
 *(.rela.got)
 *(.rel.sdata .rel.sdata.* .rel.gnu.linkonce.s.*)
 *(.rela.sdata .rela.sdata.* .rela.gnu.linkonce.s.*)
 *(.rel.sbss .rel.sbss.* .rel.gnu.linkonce.sb.*)
 *(.rela.sbss .rela.sbss.* .rela.gnu.linkonce.sb.*)
 *(.rel.sdata2 .rel.sdata2.* .rel.gnu.linkonce.s2.*)
 *(.rela.sdata2 .rela.sdata2.* .rela.gnu.linkonce.s2.*)
 *(.rel.sbss2 .rel.sbss2.* .rel.gnu.linkonce.sb2.*)
 *(.rela.sbss2 .rela.sbss2.* .rela.gnu.linkonce.sb2.*)
 *(.rel.bss .rel.bss.* .rel.gnu.linkonce.b.*)
 *(.rela.bss .rela.bss.* .rela.gnu.linkonce.b.*)
 *(.rel.plt)
 *(.rela.plt)
 *(.rel.dyn)
 *(.init)
 *(.plt)
 *(.text .stub .text.* .gnu.linkonce.t.*)
 .text          0x0000000000004180       0x3c ../test_tx_ua_bsp//obj/HAL/src/crt0.o
                0x0000000000004180                _start
 .text          0x00000000000041bc        0x0 obj/default/hello_world_small.o
 .text.startup  0x00000000000041bc       0x74 obj/default/hello_world_small.o
                0x00000000000041bc                main
 .text          0x0000000000004230       0xe0 ../test_tx_ua_bsp/\libhal_bsp.a(alt_load.o)
                0x0000000000004230                alt_load
 .text          0x0000000000004310       0x2c ../test_tx_ua_bsp/\libhal_bsp.a(alt_main.o)
                0x0000000000004310                alt_main
 .text          0x000000000000433c        0x4 ../test_tx_ua_bsp/\libhal_bsp.a(alt_usleep.o)
                0x000000000000433c                usleep
 .text          0x0000000000004340       0x2c ../test_tx_ua_bsp/\libhal_bsp.a(alt_sys_init.o)
                0x0000000000004340                alt_irq_init
                0x0000000000004360                alt_sys_init
 .text          0x000000000000436c     0x1158 ../test_tx_ua_bsp/\libhal_bsp.a(altera_avalon_i2c.o)
                0x000000000000436c                alt_avalon_i2c_register_optional_irq_handler
                0x0000000000004388                alt_avalon_i2c_register_callback
                0x0000000000004398                alt_avalon_i2c_open
                0x00000000000043a0                alt_avalon_i2c_enable
                0x00000000000043e8                alt_avalon_i2c_disable
                0x0000000000004404                alt_avalon_i2c_master_config_get
                0x0000000000004448                alt_avalon_i2c_master_config_set
                0x00000000000044a0                alt_avalon_i2c_master_config_speed_get
                0x00000000000044ec                alt_avalon_i2c_master_config_speed_set
                0x0000000000004578                alt_avalon_i2c_is_busy
                0x0000000000004588                alt_avalon_i2c_rx_read_available
                0x00000000000045c0                alt_avalon_i2c_rx_read
                0x0000000000004640                alt_avalon_i2c_master_target_get
                0x000000000000464c                alt_avalon_i2c_master_target_set
                0x0000000000004654                alt_avalon_i2c_check_nack
                0x0000000000004670                alt_avalon_i2c_check_arblost
                0x000000000000468c                alt_avalon_i2c_cmd_write
                0x0000000000004754                alt_avalon_i2c_send_address
                0x00000000000047cc                alt_avalon_i2c_master_transmit
                0x0000000000004910                alt_avalon_i2c_master_receive
                0x0000000000004ac4                alt_avalon_i2c_int_status_get
                0x0000000000004adc                alt_avalon_i2c_int_raw_status_get
                0x0000000000004aec                alt_avalon_i2c_int_clear
                0x0000000000004af8                alt_avalon_i2c_enabled_ints_get
                0x0000000000004b0c                alt_avalon_i2c_int_disable
                0x0000000000004bb8                alt_avalon_i2c_int_enable
                0x0000000000004cb8                alt_avalon_i2c_interrupt_transaction_status
                0x0000000000004da4                alt_avalon_i2c_rx_fifo_threshold_get
                0x0000000000004dbc                alt_avalon_i2c_rx_fifo_threshold_set
                0x0000000000004de4                alt_avalon_i2c_master_receive_using_interrupts
                0x0000000000004f70                alt_avalon_i2c_master_rx
                0x0000000000005058                alt_avalon_i2c_tfr_cmd_fifo_threshold_get
                0x0000000000005070                alt_avalon_i2c_tfr_cmd_fifo_threshold_set
                0x000000000000509c                alt_avalon_i2c_init
                0x000000000000514c                alt_avalon_i2c_master_transmit_using_interrupts
                0x00000000000052c8                alt_avalon_i2c_master_tx
                0x000000000000538c                alt_avalon_i2c_master_tx_rx
 .text          0x00000000000054c4       0x88 ../test_tx_ua_bsp/\libhal_bsp.a(alt_busy_sleep.o)
                0x00000000000054c4                alt_busy_sleep
 .text          0x000000000000554c        0x4 ../test_tx_ua_bsp/\libhal_bsp.a(alt_dcache_flush_all.o)
                0x000000000000554c                alt_dcache_flush_all
 .text          0x0000000000005550       0x6c ../test_tx_ua_bsp/\libhal_bsp.a(alt_dev_llist_insert.o)
                0x0000000000005550                alt_dev_llist_insert
 .text          0x00000000000055bc        0x0 ../test_tx_ua_bsp/\libhal_bsp.a(alt_errno.o)
 .text          0x00000000000055bc       0x74 ../test_tx_ua_bsp/\libhal_bsp.a(alt_find_dev.o)
                0x00000000000055bc                alt_find_dev
 .text          0x0000000000005630        0x4 ../test_tx_ua_bsp/\libhal_bsp.a(alt_icache_flush_all.o)
                0x0000000000005630                alt_icache_flush_all
 .text          0x0000000000005634       0x8c ../test_tx_ua_bsp/\libhal_bsp.a(alt_iic.o)
                0x0000000000005634                alt_ic_isr_register
                0x0000000000005638                alt_ic_irq_enable
                0x0000000000005670                alt_ic_irq_disable
                0x00000000000056a8                alt_ic_irq_enabled
 .text          0x00000000000056c0       0x68 ../test_tx_ua_bsp/\libhal_bsp.a(alt_iic_isr_register.o)
                0x00000000000056c0                alt_iic_isr_register
 .text          0x0000000000005728        0x0 ../test_tx_ua_bsp/\libhal_bsp.a(alt_irq_entry.o)
 .text          0x0000000000005728        0x0 ../test_tx_ua_bsp/\libhal_bsp.a(alt_irq_handler.o)
 .text          0x0000000000005728        0x0 ../test_tx_ua_bsp/\libhal_bsp.a(alt_irq_vars.o)
 .text          0x0000000000005728        0x8 ../test_tx_ua_bsp/\libhal_bsp.a(altera_nios2_gen2_irq.o)
                0x0000000000005728                altera_nios2_gen2_irq_init
 .text          0x0000000000005730        0x0 ../test_tx_ua_bsp/\libhal_bsp.a(alt_exception_entry.o)
 .text          0x0000000000005730       0x74 ../test_tx_ua_bsp/\libhal_bsp.a(alt_instruction_exception_entry.o)
                0x0000000000005730                alt_exception_cause_generated_bad_addr
 .text          0x00000000000057a4        0x0 c:/intelfpga_lite/17.1/nios2eds/bin/gnu/h-x86_64-mingw32/bin/../lib/gcc/nios2-elf/5.3.0/../../../../../H-x86_64-mingw32/nios2-elf/lib/mno-hw-mul\libsmallc.a(lib_a-int_errno.o)
 .text          0x00000000000057a4        0x0 c:/intelfpga_lite/17.1/nios2eds/bin/gnu/h-x86_64-mingw32/bin/../lib/gcc/nios2-elf/5.3.0/../../../../../H-x86_64-mingw32/nios2-elf/lib/mno-hw-mul\libsmallc.a(lib_a-memcmp.o)
 .text.memcmp   0x00000000000057a4       0x30 c:/intelfpga_lite/17.1/nios2eds/bin/gnu/h-x86_64-mingw32/bin/../lib/gcc/nios2-elf/5.3.0/../../../../../H-x86_64-mingw32/nios2-elf/lib/mno-hw-mul\libsmallc.a(lib_a-memcmp.o)
                0x00000000000057a4                memcmp
 .text          0x00000000000057d4        0x0 c:/intelfpga_lite/17.1/nios2eds/bin/gnu/h-x86_64-mingw32/bin/../lib/gcc/nios2-elf/5.3.0/../../../../../H-x86_64-mingw32/nios2-elf/lib/mno-hw-mul\libsmallc.a(lib_a-strlen.o)
 .text.strlen   0x00000000000057d4       0x1c c:/intelfpga_lite/17.1/nios2eds/bin/gnu/h-x86_64-mingw32/bin/../lib/gcc/nios2-elf/5.3.0/../../../../../H-x86_64-mingw32/nios2-elf/lib/mno-hw-mul\libsmallc.a(lib_a-strlen.o)
                0x00000000000057d4                strlen
 .text          0x00000000000057f0      0x1b4 c:/intelfpga_lite/17.1/nios2eds/bin/gnu/h-x86_64-mingw32/bin/../lib/gcc/nios2-elf/5.3.0/mno-hw-mul\libgcc.a(lib2-divmod.o)
                0x00000000000057f0                __divsi3
                0x0000000000005874                __modsi3
                0x00000000000058e8                __udivsi3
                0x000000000000594c                __umodsi3
 .text          0x00000000000059a4       0x28 c:/intelfpga_lite/17.1/nios2eds/bin/gnu/h-x86_64-mingw32/bin/../lib/gcc/nios2-elf/5.3.0/mno-hw-mul\libgcc.a(lib2-mul.o)
                0x00000000000059a4                __mulsi3
 *(.gnu.warning.*)
 *(.fini)
                [!provide]                        PROVIDE (__etext, ABSOLUTE (.))
                [!provide]                        PROVIDE (_etext, ABSOLUTE (.))
                [!provide]                        PROVIDE (etext, ABSOLUTE (.))
 *(.eh_frame_hdr)
                0x00000000000059cc                . = ALIGN (0x4)
                [!provide]                        PROVIDE (__preinit_array_start, ABSOLUTE (.))
 *(.preinit_array)
                [!provide]                        PROVIDE (__preinit_array_end, ABSOLUTE (.))
                [!provide]                        PROVIDE (__init_array_start, ABSOLUTE (.))
 *(.init_array)
                [!provide]                        PROVIDE (__init_array_end, ABSOLUTE (.))
                [!provide]                        PROVIDE (__fini_array_start, ABSOLUTE (.))
 *(.fini_array)
                [!provide]                        PROVIDE (__fini_array_end, ABSOLUTE (.))
 *(.eh_frame)
 *(.gcc_except_table .gcc_except_table.*)
 *(.dynamic)
                [!provide]                        PROVIDE (__CTOR_LIST__, ABSOLUTE (.))
 *(.ctors)
 *(SORT(.ctors.*))
                [!provide]                        PROVIDE (__CTOR_END__, ABSOLUTE (.))
                [!provide]                        PROVIDE (__DTOR_LIST__, ABSOLUTE (.))
 *(.dtors)
 *(SORT(.dtors.*))
                [!provide]                        PROVIDE (__DTOR_END__, ABSOLUTE (.))
 *(.jcr)
                0x00000000000059cc                . = ALIGN (0x4)

.rodata         0x00000000000059cc        0xc
                0x00000000000059cc                PROVIDE (__ram_rodata_start, ABSOLUTE (.))
                0x00000000000059cc                . = ALIGN (0x4)
 *(.rodata .rodata.* .gnu.linkonce.r.*)
 .rodata.str1.4
                0x00000000000059cc        0xc ../test_tx_ua_bsp/\libhal_bsp.a(alt_sys_init.o)
                                          0xb (size before relaxing)
 *(.rodata1)
                0x00000000000059d8                . = ALIGN (0x4)
                0x00000000000059d8                PROVIDE (__ram_rodata_end, ABSOLUTE (.))
                0x00000000000059cc                PROVIDE (__flash_rodata_start, LOADADDR (.rodata))

.rwdata         0x00000000000059d8       0x50 load address 0x0000000000005a28
                0x00000000000059d8                PROVIDE (__ram_rwdata_start, ABSOLUTE (.))
                0x00000000000059d8                . = ALIGN (0x4)
 *(.got.plt)
 *(.got)
 *(.data1)
 *(.data .data.* .gnu.linkonce.d.*)
 .data          0x00000000000059d8        0x0 ../test_tx_ua_bsp//obj/HAL/src/crt0.o
 .data          0x00000000000059d8        0x0 obj/default/hello_world_small.o
 .data          0x00000000000059d8        0x0 ../test_tx_ua_bsp/\libhal_bsp.a(alt_load.o)
 .data          0x00000000000059d8        0x0 ../test_tx_ua_bsp/\libhal_bsp.a(alt_main.o)
 .data          0x00000000000059d8        0x0 ../test_tx_ua_bsp/\libhal_bsp.a(alt_usleep.o)
 .data          0x00000000000059d8       0x38 ../test_tx_ua_bsp/\libhal_bsp.a(alt_sys_init.o)
 .data          0x0000000000005a10        0x0 ../test_tx_ua_bsp/\libhal_bsp.a(altera_avalon_i2c.o)
 .data          0x0000000000005a10        0x0 ../test_tx_ua_bsp/\libhal_bsp.a(alt_busy_sleep.o)
 .data          0x0000000000005a10        0x0 ../test_tx_ua_bsp/\libhal_bsp.a(alt_dcache_flush_all.o)
 .data          0x0000000000005a10        0x0 ../test_tx_ua_bsp/\libhal_bsp.a(alt_dev_llist_insert.o)
 .data          0x0000000000005a10        0x0 ../test_tx_ua_bsp/\libhal_bsp.a(alt_errno.o)
 .data          0x0000000000005a10        0x0 ../test_tx_ua_bsp/\libhal_bsp.a(alt_find_dev.o)
 .data          0x0000000000005a10        0x0 ../test_tx_ua_bsp/\libhal_bsp.a(alt_icache_flush_all.o)
 .data          0x0000000000005a10        0x0 ../test_tx_ua_bsp/\libhal_bsp.a(alt_iic.o)
 .data          0x0000000000005a10        0x0 ../test_tx_ua_bsp/\libhal_bsp.a(alt_iic_isr_register.o)
 .data          0x0000000000005a10        0x0 ../test_tx_ua_bsp/\libhal_bsp.a(alt_irq_entry.o)
 .data          0x0000000000005a10        0x0 ../test_tx_ua_bsp/\libhal_bsp.a(alt_irq_handler.o)
 .data          0x0000000000005a10        0x0 ../test_tx_ua_bsp/\libhal_bsp.a(alt_irq_vars.o)
 .data          0x0000000000005a10        0x0 ../test_tx_ua_bsp/\libhal_bsp.a(altera_nios2_gen2_irq.o)
 .data          0x0000000000005a10        0x0 ../test_tx_ua_bsp/\libhal_bsp.a(alt_exception_entry.o)
 .data          0x0000000000005a10        0x0 ../test_tx_ua_bsp/\libhal_bsp.a(alt_instruction_exception_entry.o)
 .data          0x0000000000005a10        0x0 c:/intelfpga_lite/17.1/nios2eds/bin/gnu/h-x86_64-mingw32/bin/../lib/gcc/nios2-elf/5.3.0/../../../../../H-x86_64-mingw32/nios2-elf/lib/mno-hw-mul\libsmallc.a(lib_a-int_errno.o)
 .data          0x0000000000005a10        0x0 c:/intelfpga_lite/17.1/nios2eds/bin/gnu/h-x86_64-mingw32/bin/../lib/gcc/nios2-elf/5.3.0/../../../../../H-x86_64-mingw32/nios2-elf/lib/mno-hw-mul\libsmallc.a(lib_a-memcmp.o)
 .data          0x0000000000005a10        0x0 c:/intelfpga_lite/17.1/nios2eds/bin/gnu/h-x86_64-mingw32/bin/../lib/gcc/nios2-elf/5.3.0/../../../../../H-x86_64-mingw32/nios2-elf/lib/mno-hw-mul\libsmallc.a(lib_a-strlen.o)
 .data          0x0000000000005a10        0x0 c:/intelfpga_lite/17.1/nios2eds/bin/gnu/h-x86_64-mingw32/bin/../lib/gcc/nios2-elf/5.3.0/mno-hw-mul\libgcc.a(lib2-divmod.o)
 .data          0x0000000000005a10        0x0 c:/intelfpga_lite/17.1/nios2eds/bin/gnu/h-x86_64-mingw32/bin/../lib/gcc/nios2-elf/5.3.0/mno-hw-mul\libgcc.a(lib2-mul.o)
                0x000000000000da10                _gp = ABSOLUTE ((. + 0x8000))
                [!provide]                        PROVIDE (gp, _gp)
 *(.rwdata .rwdata.*)
 *(.sdata .sdata.* .gnu.linkonce.s.*)
 .sdata         0x0000000000005a10        0x8 ../test_tx_ua_bsp/\libhal_bsp.a(alt_sys_init.o)
                0x0000000000005a10                uart_0
                0x0000000000005a14                jtag_uart_0
 .sdata         0x0000000000005a18        0x8 ../test_tx_ua_bsp/\libhal_bsp.a(altera_avalon_i2c.o)
                0x0000000000005a18                alt_avalon_i2c_list
 .sdata         0x0000000000005a20        0x4 ../test_tx_ua_bsp/\libhal_bsp.a(alt_errno.o)
                0x0000000000005a20                alt_errno
 .sdata         0x0000000000005a24        0x4 ../test_tx_ua_bsp/\libhal_bsp.a(alt_irq_vars.o)
                0x0000000000005a24                alt_priority_mask
 *(.sdata2 .sdata2.* .gnu.linkonce.s2.*)
                0x0000000000005a28                . = ALIGN (0x4)
                0x0000000000005a28                _edata = ABSOLUTE (.)
                [!provide]                        PROVIDE (edata, ABSOLUTE (.))
                0x0000000000005a28                PROVIDE (__ram_rwdata_end, ABSOLUTE (.))
                0x0000000000005a28                PROVIDE (__flash_rwdata_start, LOADADDR (.rwdata))

.bss            0x0000000000005a78      0x118
                0x0000000000005a78                __bss_start = ABSOLUTE (.)
                [!provide]                        PROVIDE (__sbss_start, ABSOLUTE (.))
                [!provide]                        PROVIDE (___sbss_start, ABSOLUTE (.))
 *(.dynsbss)
 *(.sbss .sbss.* .gnu.linkonce.sb.*)
 .sbss          0x0000000000005a78        0xc ../test_tx_ua_bsp/\libhal_bsp.a(alt_main.o)
                0x0000000000005a78                alt_envp
                0x0000000000005a7c                alt_argv
                0x0000000000005a80                alt_argc
 .sbss          0x0000000000005a84        0x4 ../test_tx_ua_bsp/\libhal_bsp.a(alt_irq_vars.o)
                0x0000000000005a84                alt_irq_active
 .sbss          0x0000000000005a88        0x4 ../test_tx_ua_bsp/\libhal_bsp.a(alt_instruction_exception_entry.o)
                0x0000000000005a88                alt_instruction_exception_handler
 .sbss          0x0000000000005a8c        0x4 c:/intelfpga_lite/17.1/nios2eds/bin/gnu/h-x86_64-mingw32/bin/../lib/gcc/nios2-elf/5.3.0/../../../../../H-x86_64-mingw32/nios2-elf/lib/mno-hw-mul\libsmallc.a(lib_a-int_errno.o)
                0x0000000000005a8c                errno
 *(.sbss2 .sbss2.* .gnu.linkonce.sb2.*)
 *(.scommon)
                [!provide]                        PROVIDE (__sbss_end, ABSOLUTE (.))
                [!provide]                        PROVIDE (___sbss_end, ABSOLUTE (.))
 *(.dynbss)
 *(.bss .bss.* .gnu.linkonce.b.*)
 .bss           0x0000000000005a90        0x0 ../test_tx_ua_bsp//obj/HAL/src/crt0.o
 .bss           0x0000000000005a90        0x0 obj/default/hello_world_small.o
 .bss           0x0000000000005a90        0x0 ../test_tx_ua_bsp/\libhal_bsp.a(alt_load.o)
 .bss           0x0000000000005a90        0x0 ../test_tx_ua_bsp/\libhal_bsp.a(alt_main.o)
 .bss           0x0000000000005a90        0x0 ../test_tx_ua_bsp/\libhal_bsp.a(alt_usleep.o)
 .bss           0x0000000000005a90        0x0 ../test_tx_ua_bsp/\libhal_bsp.a(alt_sys_init.o)
 .bss           0x0000000000005a90        0x0 ../test_tx_ua_bsp/\libhal_bsp.a(altera_avalon_i2c.o)
 .bss           0x0000000000005a90        0x0 ../test_tx_ua_bsp/\libhal_bsp.a(alt_busy_sleep.o)
 .bss           0x0000000000005a90        0x0 ../test_tx_ua_bsp/\libhal_bsp.a(alt_dcache_flush_all.o)
 .bss           0x0000000000005a90        0x0 ../test_tx_ua_bsp/\libhal_bsp.a(alt_dev_llist_insert.o)
 .bss           0x0000000000005a90        0x0 ../test_tx_ua_bsp/\libhal_bsp.a(alt_errno.o)
 .bss           0x0000000000005a90        0x0 ../test_tx_ua_bsp/\libhal_bsp.a(alt_find_dev.o)
 .bss           0x0000000000005a90        0x0 ../test_tx_ua_bsp/\libhal_bsp.a(alt_icache_flush_all.o)
 .bss           0x0000000000005a90        0x0 ../test_tx_ua_bsp/\libhal_bsp.a(alt_iic.o)
 .bss           0x0000000000005a90        0x0 ../test_tx_ua_bsp/\libhal_bsp.a(alt_iic_isr_register.o)
 .bss           0x0000000000005a90        0x0 ../test_tx_ua_bsp/\libhal_bsp.a(alt_irq_entry.o)
 .bss           0x0000000000005a90        0x0 ../test_tx_ua_bsp/\libhal_bsp.a(alt_irq_handler.o)
 .bss           0x0000000000005a90        0x0 ../test_tx_ua_bsp/\libhal_bsp.a(alt_irq_vars.o)
 .bss           0x0000000000005a90        0x0 ../test_tx_ua_bsp/\libhal_bsp.a(altera_nios2_gen2_irq.o)
 .bss           0x0000000000005a90        0x0 ../test_tx_ua_bsp/\libhal_bsp.a(alt_exception_entry.o)
 .bss           0x0000000000005a90        0x0 ../test_tx_ua_bsp/\libhal_bsp.a(alt_instruction_exception_entry.o)
 .bss           0x0000000000005a90        0x0 c:/intelfpga_lite/17.1/nios2eds/bin/gnu/h-x86_64-mingw32/bin/../lib/gcc/nios2-elf/5.3.0/../../../../../H-x86_64-mingw32/nios2-elf/lib/mno-hw-mul\libsmallc.a(lib_a-int_errno.o)
 .bss           0x0000000000005a90        0x0 c:/intelfpga_lite/17.1/nios2eds/bin/gnu/h-x86_64-mingw32/bin/../lib/gcc/nios2-elf/5.3.0/../../../../../H-x86_64-mingw32/nios2-elf/lib/mno-hw-mul\libsmallc.a(lib_a-memcmp.o)
 .bss           0x0000000000005a90        0x0 c:/intelfpga_lite/17.1/nios2eds/bin/gnu/h-x86_64-mingw32/bin/../lib/gcc/nios2-elf/5.3.0/../../../../../H-x86_64-mingw32/nios2-elf/lib/mno-hw-mul\libsmallc.a(lib_a-strlen.o)
 .bss           0x0000000000005a90        0x0 c:/intelfpga_lite/17.1/nios2eds/bin/gnu/h-x86_64-mingw32/bin/../lib/gcc/nios2-elf/5.3.0/mno-hw-mul\libgcc.a(lib2-divmod.o)
 .bss           0x0000000000005a90        0x0 c:/intelfpga_lite/17.1/nios2eds/bin/gnu/h-x86_64-mingw32/bin/../lib/gcc/nios2-elf/5.3.0/mno-hw-mul\libgcc.a(lib2-mul.o)
 *(COMMON)
 COMMON         0x0000000000005a90      0x100 ../test_tx_ua_bsp/\libhal_bsp.a(alt_irq_handler.o)
                0x0000000000005a90                alt_irq
                0x0000000000005b90                . = ALIGN (0x4)
                0x0000000000005b90                __bss_end = ABSOLUTE (.)

.onchip_memory2_0
                0x0000000000005b90        0x0
                [!provide]                        PROVIDE (_alt_partition_onchip_memory2_0_start, ABSOLUTE (.))
 *(.onchip_memory2_0 .onchip_memory2_0. onchip_memory2_0.*)
                0x0000000000005b90                . = ALIGN (0x4)
                [!provide]                        PROVIDE (_alt_partition_onchip_memory2_0_end, ABSOLUTE (.))
                0x0000000000005b90                _end = ABSOLUTE (.)
                0x0000000000005b90                end = ABSOLUTE (.)
                0x0000000000005b90                __alt_stack_base = ABSOLUTE (.)
                [!provide]                        PROVIDE (_alt_partition_onchip_memory2_0_load_addr, LOADADDR (.onchip_memory2_0))

.stab
 *(.stab)

.stabstr
 *(.stabstr)

.stab.excl
 *(.stab.excl)

.stab.exclstr
 *(.stab.exclstr)

.stab.index
 *(.stab.index)

.stab.indexstr
 *(.stab.indexstr)

.comment        0x0000000000000000       0x23
 *(.comment)
 .comment       0x0000000000000000       0x23 obj/default/hello_world_small.o
                                         0x24 (size before relaxing)
 .comment       0x0000000000000023       0x24 ../test_tx_ua_bsp/\libhal_bsp.a(alt_load.o)
 .comment       0x0000000000000023       0x24 ../test_tx_ua_bsp/\libhal_bsp.a(alt_main.o)
 .comment       0x0000000000000023       0x24 ../test_tx_ua_bsp/\libhal_bsp.a(alt_usleep.o)
 .comment       0x0000000000000023       0x24 ../test_tx_ua_bsp/\libhal_bsp.a(alt_sys_init.o)
 .comment       0x0000000000000023       0x24 ../test_tx_ua_bsp/\libhal_bsp.a(altera_avalon_i2c.o)
 .comment       0x0000000000000023       0x24 ../test_tx_ua_bsp/\libhal_bsp.a(alt_busy_sleep.o)
 .comment       0x0000000000000023       0x24 ../test_tx_ua_bsp/\libhal_bsp.a(alt_dcache_flush_all.o)
 .comment       0x0000000000000023       0x24 ../test_tx_ua_bsp/\libhal_bsp.a(alt_dev_llist_insert.o)
 .comment       0x0000000000000023       0x24 ../test_tx_ua_bsp/\libhal_bsp.a(alt_errno.o)
 .comment       0x0000000000000023       0x24 ../test_tx_ua_bsp/\libhal_bsp.a(alt_find_dev.o)
 .comment       0x0000000000000023       0x24 ../test_tx_ua_bsp/\libhal_bsp.a(alt_icache_flush_all.o)
 .comment       0x0000000000000023       0x24 ../test_tx_ua_bsp/\libhal_bsp.a(alt_iic.o)
 .comment       0x0000000000000023       0x24 ../test_tx_ua_bsp/\libhal_bsp.a(alt_iic_isr_register.o)
 .comment       0x0000000000000023       0x24 ../test_tx_ua_bsp/\libhal_bsp.a(alt_irq_handler.o)
 .comment       0x0000000000000023       0x24 ../test_tx_ua_bsp/\libhal_bsp.a(alt_irq_vars.o)
 .comment       0x0000000000000023       0x24 ../test_tx_ua_bsp/\libhal_bsp.a(altera_nios2_gen2_irq.o)
 .comment       0x0000000000000023       0x24 ../test_tx_ua_bsp/\libhal_bsp.a(alt_instruction_exception_entry.o)
 .comment       0x0000000000000023       0x24 c:/intelfpga_lite/17.1/nios2eds/bin/gnu/h-x86_64-mingw32/bin/../lib/gcc/nios2-elf/5.3.0/../../../../../H-x86_64-mingw32/nios2-elf/lib/mno-hw-mul\libsmallc.a(lib_a-int_errno.o)
 .comment       0x0000000000000023       0x24 c:/intelfpga_lite/17.1/nios2eds/bin/gnu/h-x86_64-mingw32/bin/../lib/gcc/nios2-elf/5.3.0/../../../../../H-x86_64-mingw32/nios2-elf/lib/mno-hw-mul\libsmallc.a(lib_a-memcmp.o)
 .comment       0x0000000000000023       0x24 c:/intelfpga_lite/17.1/nios2eds/bin/gnu/h-x86_64-mingw32/bin/../lib/gcc/nios2-elf/5.3.0/../../../../../H-x86_64-mingw32/nios2-elf/lib/mno-hw-mul\libsmallc.a(lib_a-strlen.o)
 .comment       0x0000000000000023       0x24 c:/intelfpga_lite/17.1/nios2eds/bin/gnu/h-x86_64-mingw32/bin/../lib/gcc/nios2-elf/5.3.0/mno-hw-mul\libgcc.a(lib2-divmod.o)
 .comment       0x0000000000000023       0x24 c:/intelfpga_lite/17.1/nios2eds/bin/gnu/h-x86_64-mingw32/bin/../lib/gcc/nios2-elf/5.3.0/mno-hw-mul\libgcc.a(lib2-mul.o)

.debug
 *(.debug)

.line
 *(.line)

.debug_srcinfo
 *(.debug_srcinfo)

.debug_sfnames
 *(.debug_sfnames)

.debug_aranges  0x0000000000000000      0x360
 *(.debug_aranges)
 .debug_aranges
                0x0000000000000000       0x28 ../test_tx_ua_bsp//obj/HAL/src/crt0.o
 .debug_aranges
                0x0000000000000028       0x20 obj/default/hello_world_small.o
 .debug_aranges
                0x0000000000000048       0x20 ../test_tx_ua_bsp/\libhal_bsp.a(alt_load.o)
 .debug_aranges
                0x0000000000000068       0x20 ../test_tx_ua_bsp/\libhal_bsp.a(alt_main.o)
 .debug_aranges
                0x0000000000000088       0x20 ../test_tx_ua_bsp/\libhal_bsp.a(alt_usleep.o)
 .debug_aranges
                0x00000000000000a8       0x20 ../test_tx_ua_bsp/\libhal_bsp.a(alt_sys_init.o)
 .debug_aranges
                0x00000000000000c8       0x20 ../test_tx_ua_bsp/\libhal_bsp.a(altera_avalon_i2c.o)
 .debug_aranges
                0x00000000000000e8       0x20 ../test_tx_ua_bsp/\libhal_bsp.a(alt_busy_sleep.o)
 .debug_aranges
                0x0000000000000108       0x20 ../test_tx_ua_bsp/\libhal_bsp.a(alt_dcache_flush_all.o)
 .debug_aranges
                0x0000000000000128       0x20 ../test_tx_ua_bsp/\libhal_bsp.a(alt_dev_llist_insert.o)
 .debug_aranges
                0x0000000000000148       0x18 ../test_tx_ua_bsp/\libhal_bsp.a(alt_errno.o)
 .debug_aranges
                0x0000000000000160       0x20 ../test_tx_ua_bsp/\libhal_bsp.a(alt_find_dev.o)
 .debug_aranges
                0x0000000000000180       0x20 ../test_tx_ua_bsp/\libhal_bsp.a(alt_icache_flush_all.o)
 .debug_aranges
                0x00000000000001a0       0x20 ../test_tx_ua_bsp/\libhal_bsp.a(alt_iic.o)
 .debug_aranges
                0x00000000000001c0       0x20 ../test_tx_ua_bsp/\libhal_bsp.a(alt_iic_isr_register.o)
 .debug_aranges
                0x00000000000001e0       0x30 ../test_tx_ua_bsp/\libhal_bsp.a(alt_irq_entry.o)
 .debug_aranges
                0x0000000000000210       0x20 ../test_tx_ua_bsp/\libhal_bsp.a(alt_irq_handler.o)
 .debug_aranges
                0x0000000000000230       0x18 ../test_tx_ua_bsp/\libhal_bsp.a(alt_irq_vars.o)
 .debug_aranges
                0x0000000000000248       0x20 ../test_tx_ua_bsp/\libhal_bsp.a(altera_nios2_gen2_irq.o)
 .debug_aranges
                0x0000000000000268       0x38 ../test_tx_ua_bsp/\libhal_bsp.a(alt_exception_entry.o)
 .debug_aranges
                0x00000000000002a0       0x28 ../test_tx_ua_bsp/\libhal_bsp.a(alt_instruction_exception_entry.o)
 .debug_aranges
                0x00000000000002c8       0x18 c:/intelfpga_lite/17.1/nios2eds/bin/gnu/h-x86_64-mingw32/bin/../lib/gcc/nios2-elf/5.3.0/../../../../../H-x86_64-mingw32/nios2-elf/lib/mno-hw-mul\libsmallc.a(lib_a-int_errno.o)
 .debug_aranges
                0x00000000000002e0       0x20 c:/intelfpga_lite/17.1/nios2eds/bin/gnu/h-x86_64-mingw32/bin/../lib/gcc/nios2-elf/5.3.0/../../../../../H-x86_64-mingw32/nios2-elf/lib/mno-hw-mul\libsmallc.a(lib_a-memcmp.o)
 .debug_aranges
                0x0000000000000300       0x20 c:/intelfpga_lite/17.1/nios2eds/bin/gnu/h-x86_64-mingw32/bin/../lib/gcc/nios2-elf/5.3.0/../../../../../H-x86_64-mingw32/nios2-elf/lib/mno-hw-mul\libsmallc.a(lib_a-strlen.o)
 .debug_aranges
                0x0000000000000320       0x20 c:/intelfpga_lite/17.1/nios2eds/bin/gnu/h-x86_64-mingw32/bin/../lib/gcc/nios2-elf/5.3.0/mno-hw-mul\libgcc.a(lib2-divmod.o)
 .debug_aranges
                0x0000000000000340       0x20 c:/intelfpga_lite/17.1/nios2eds/bin/gnu/h-x86_64-mingw32/bin/../lib/gcc/nios2-elf/5.3.0/mno-hw-mul\libgcc.a(lib2-mul.o)

.debug_pubnames
 *(.debug_pubnames)

.debug_info     0x0000000000000000     0x3d56
 *(.debug_info .gnu.linkonce.wi.*)
 .debug_info    0x0000000000000000       0x74 ../test_tx_ua_bsp//obj/HAL/src/crt0.o
 .debug_info    0x0000000000000074      0x134 obj/default/hello_world_small.o
 .debug_info    0x00000000000001a8      0x1c9 ../test_tx_ua_bsp/\libhal_bsp.a(alt_load.o)
 .debug_info    0x0000000000000371      0x169 ../test_tx_ua_bsp/\libhal_bsp.a(alt_main.o)
 .debug_info    0x00000000000004da       0xd1 ../test_tx_ua_bsp/\libhal_bsp.a(alt_usleep.o)
 .debug_info    0x00000000000005ab      0x2f9 ../test_tx_ua_bsp/\libhal_bsp.a(alt_sys_init.o)
 .debug_info    0x00000000000008a4     0x1c18 ../test_tx_ua_bsp/\libhal_bsp.a(altera_avalon_i2c.o)
 .debug_info    0x00000000000024bc       0xd8 ../test_tx_ua_bsp/\libhal_bsp.a(alt_busy_sleep.o)
 .debug_info    0x0000000000002594       0x92 ../test_tx_ua_bsp/\libhal_bsp.a(alt_dcache_flush_all.o)
 .debug_info    0x0000000000002626      0x1b3 ../test_tx_ua_bsp/\libhal_bsp.a(alt_dev_llist_insert.o)
 .debug_info    0x00000000000027d9       0xa6 ../test_tx_ua_bsp/\libhal_bsp.a(alt_errno.o)
 .debug_info    0x000000000000287f      0x32d ../test_tx_ua_bsp/\libhal_bsp.a(alt_find_dev.o)
 .debug_info    0x0000000000002bac       0x92 ../test_tx_ua_bsp/\libhal_bsp.a(alt_icache_flush_all.o)
 .debug_info    0x0000000000002c3e      0x38a ../test_tx_ua_bsp/\libhal_bsp.a(alt_iic.o)
 .debug_info    0x0000000000002fc8      0x232 ../test_tx_ua_bsp/\libhal_bsp.a(alt_iic_isr_register.o)
 .debug_info    0x00000000000031fa       0x7d ../test_tx_ua_bsp/\libhal_bsp.a(alt_irq_entry.o)
 .debug_info    0x0000000000003277      0x184 ../test_tx_ua_bsp/\libhal_bsp.a(alt_irq_handler.o)
 .debug_info    0x00000000000033fb       0x88 ../test_tx_ua_bsp/\libhal_bsp.a(alt_irq_vars.o)
 .debug_info    0x0000000000003483       0x92 ../test_tx_ua_bsp/\libhal_bsp.a(altera_nios2_gen2_irq.o)
 .debug_info    0x0000000000003515       0x83 ../test_tx_ua_bsp/\libhal_bsp.a(alt_exception_entry.o)
 .debug_info    0x0000000000003598      0x1fd ../test_tx_ua_bsp/\libhal_bsp.a(alt_instruction_exception_entry.o)
 .debug_info    0x0000000000003795       0x8a c:/intelfpga_lite/17.1/nios2eds/bin/gnu/h-x86_64-mingw32/bin/../lib/gcc/nios2-elf/5.3.0/../../../../../H-x86_64-mingw32/nios2-elf/lib/mno-hw-mul\libsmallc.a(lib_a-int_errno.o)
 .debug_info    0x000000000000381f       0xf4 c:/intelfpga_lite/17.1/nios2eds/bin/gnu/h-x86_64-mingw32/bin/../lib/gcc/nios2-elf/5.3.0/../../../../../H-x86_64-mingw32/nios2-elf/lib/mno-hw-mul\libsmallc.a(lib_a-memcmp.o)
 .debug_info    0x0000000000003913       0xc9 c:/intelfpga_lite/17.1/nios2eds/bin/gnu/h-x86_64-mingw32/bin/../lib/gcc/nios2-elf/5.3.0/../../../../../H-x86_64-mingw32/nios2-elf/lib/mno-hw-mul\libsmallc.a(lib_a-strlen.o)
 .debug_info    0x00000000000039dc      0x2c6 c:/intelfpga_lite/17.1/nios2eds/bin/gnu/h-x86_64-mingw32/bin/../lib/gcc/nios2-elf/5.3.0/mno-hw-mul\libgcc.a(lib2-divmod.o)
 .debug_info    0x0000000000003ca2       0xb4 c:/intelfpga_lite/17.1/nios2eds/bin/gnu/h-x86_64-mingw32/bin/../lib/gcc/nios2-elf/5.3.0/mno-hw-mul\libgcc.a(lib2-mul.o)

.debug_abbrev   0x0000000000000000     0x1546
 *(.debug_abbrev)
 .debug_abbrev  0x0000000000000000       0x12 ../test_tx_ua_bsp//obj/HAL/src/crt0.o
 .debug_abbrev  0x0000000000000012       0xce obj/default/hello_world_small.o
 .debug_abbrev  0x00000000000000e0       0xd8 ../test_tx_ua_bsp/\libhal_bsp.a(alt_load.o)
 .debug_abbrev  0x00000000000001b8       0xee ../test_tx_ua_bsp/\libhal_bsp.a(alt_main.o)
 .debug_abbrev  0x00000000000002a6       0x8d ../test_tx_ua_bsp/\libhal_bsp.a(alt_usleep.o)
 .debug_abbrev  0x0000000000000333      0x150 ../test_tx_ua_bsp/\libhal_bsp.a(alt_sys_init.o)
 .debug_abbrev  0x0000000000000483      0x47c ../test_tx_ua_bsp/\libhal_bsp.a(altera_avalon_i2c.o)
 .debug_abbrev  0x00000000000008ff       0x8d ../test_tx_ua_bsp/\libhal_bsp.a(alt_busy_sleep.o)
 .debug_abbrev  0x000000000000098c       0x42 ../test_tx_ua_bsp/\libhal_bsp.a(alt_dcache_flush_all.o)
 .debug_abbrev  0x00000000000009ce      0x11c ../test_tx_ua_bsp/\libhal_bsp.a(alt_dev_llist_insert.o)
 .debug_abbrev  0x0000000000000aea       0x5a ../test_tx_ua_bsp/\libhal_bsp.a(alt_errno.o)
 .debug_abbrev  0x0000000000000b44      0x125 ../test_tx_ua_bsp/\libhal_bsp.a(alt_find_dev.o)
 .debug_abbrev  0x0000000000000c69       0x42 ../test_tx_ua_bsp/\libhal_bsp.a(alt_icache_flush_all.o)
 .debug_abbrev  0x0000000000000cab      0x1a0 ../test_tx_ua_bsp/\libhal_bsp.a(alt_iic.o)
 .debug_abbrev  0x0000000000000e4b      0x19c ../test_tx_ua_bsp/\libhal_bsp.a(alt_iic_isr_register.o)
 .debug_abbrev  0x0000000000000fe7       0x12 ../test_tx_ua_bsp/\libhal_bsp.a(alt_irq_entry.o)
 .debug_abbrev  0x0000000000000ff9      0x120 ../test_tx_ua_bsp/\libhal_bsp.a(alt_irq_handler.o)
 .debug_abbrev  0x0000000000001119       0x40 ../test_tx_ua_bsp/\libhal_bsp.a(alt_irq_vars.o)
 .debug_abbrev  0x0000000000001159       0x42 ../test_tx_ua_bsp/\libhal_bsp.a(altera_nios2_gen2_irq.o)
 .debug_abbrev  0x000000000000119b       0x12 ../test_tx_ua_bsp/\libhal_bsp.a(alt_exception_entry.o)
 .debug_abbrev  0x00000000000011ad       0xe7 ../test_tx_ua_bsp/\libhal_bsp.a(alt_instruction_exception_entry.o)
 .debug_abbrev  0x0000000000001294       0x37 c:/intelfpga_lite/17.1/nios2eds/bin/gnu/h-x86_64-mingw32/bin/../lib/gcc/nios2-elf/5.3.0/../../../../../H-x86_64-mingw32/nios2-elf/lib/mno-hw-mul\libsmallc.a(lib_a-int_errno.o)
 .debug_abbrev  0x00000000000012cb       0x7f c:/intelfpga_lite/17.1/nios2eds/bin/gnu/h-x86_64-mingw32/bin/../lib/gcc/nios2-elf/5.3.0/../../../../../H-x86_64-mingw32/nios2-elf/lib/mno-hw-mul\libsmallc.a(lib_a-memcmp.o)
 .debug_abbrev  0x000000000000134a       0x7f c:/intelfpga_lite/17.1/nios2eds/bin/gnu/h-x86_64-mingw32/bin/../lib/gcc/nios2-elf/5.3.0/../../../../../H-x86_64-mingw32/nios2-elf/lib/mno-hw-mul\libsmallc.a(lib_a-strlen.o)
 .debug_abbrev  0x00000000000013c9      0x10e c:/intelfpga_lite/17.1/nios2eds/bin/gnu/h-x86_64-mingw32/bin/../lib/gcc/nios2-elf/5.3.0/mno-hw-mul\libgcc.a(lib2-divmod.o)
 .debug_abbrev  0x00000000000014d7       0x6f c:/intelfpga_lite/17.1/nios2eds/bin/gnu/h-x86_64-mingw32/bin/../lib/gcc/nios2-elf/5.3.0/mno-hw-mul\libgcc.a(lib2-mul.o)

.debug_line     0x0000000000000000     0x1703
 *(.debug_line)
 .debug_line    0x0000000000000000       0x66 ../test_tx_ua_bsp//obj/HAL/src/crt0.o
 .debug_line    0x0000000000000066      0x196 obj/default/hello_world_small.o
 .debug_line    0x00000000000001fc       0xa4 ../test_tx_ua_bsp/\libhal_bsp.a(alt_load.o)
 .debug_line    0x00000000000002a0       0xbd ../test_tx_ua_bsp/\libhal_bsp.a(alt_main.o)
 .debug_line    0x000000000000035d       0xcf ../test_tx_ua_bsp/\libhal_bsp.a(alt_usleep.o)
 .debug_line    0x000000000000042c      0x133 ../test_tx_ua_bsp/\libhal_bsp.a(alt_sys_init.o)
 .debug_line    0x000000000000055f      0x49a ../test_tx_ua_bsp/\libhal_bsp.a(altera_avalon_i2c.o)
 .debug_line    0x00000000000009f9       0xb5 ../test_tx_ua_bsp/\libhal_bsp.a(alt_busy_sleep.o)
 .debug_line    0x0000000000000aae       0x4e ../test_tx_ua_bsp/\libhal_bsp.a(alt_dcache_flush_all.o)
 .debug_line    0x0000000000000afc       0xd8 ../test_tx_ua_bsp/\libhal_bsp.a(alt_dev_llist_insert.o)
 .debug_line    0x0000000000000bd4       0x51 ../test_tx_ua_bsp/\libhal_bsp.a(alt_errno.o)
 .debug_line    0x0000000000000c25      0x107 ../test_tx_ua_bsp/\libhal_bsp.a(alt_find_dev.o)
 .debug_line    0x0000000000000d2c       0x4e ../test_tx_ua_bsp/\libhal_bsp.a(alt_icache_flush_all.o)
 .debug_line    0x0000000000000d7a       0xf1 ../test_tx_ua_bsp/\libhal_bsp.a(alt_iic.o)
 .debug_line    0x0000000000000e6b       0xd6 ../test_tx_ua_bsp/\libhal_bsp.a(alt_iic_isr_register.o)
 .debug_line    0x0000000000000f41       0x6b ../test_tx_ua_bsp/\libhal_bsp.a(alt_irq_entry.o)
 .debug_line    0x0000000000000fac       0xa5 ../test_tx_ua_bsp/\libhal_bsp.a(alt_irq_handler.o)
 .debug_line    0x0000000000001051       0x50 ../test_tx_ua_bsp/\libhal_bsp.a(alt_irq_vars.o)
 .debug_line    0x00000000000010a1       0x50 ../test_tx_ua_bsp/\libhal_bsp.a(altera_nios2_gen2_irq.o)
 .debug_line    0x00000000000010f1       0xb3 ../test_tx_ua_bsp/\libhal_bsp.a(alt_exception_entry.o)
 .debug_line    0x00000000000011a4       0xbf ../test_tx_ua_bsp/\libhal_bsp.a(alt_instruction_exception_entry.o)
 .debug_line    0x0000000000001263       0x5f c:/intelfpga_lite/17.1/nios2eds/bin/gnu/h-x86_64-mingw32/bin/../lib/gcc/nios2-elf/5.3.0/../../../../../H-x86_64-mingw32/nios2-elf/lib/mno-hw-mul\libsmallc.a(lib_a-int_errno.o)
 .debug_line    0x00000000000012c2      0x160 c:/intelfpga_lite/17.1/nios2eds/bin/gnu/h-x86_64-mingw32/bin/../lib/gcc/nios2-elf/5.3.0/../../../../../H-x86_64-mingw32/nios2-elf/lib/mno-hw-mul\libsmallc.a(lib_a-memcmp.o)
 .debug_line    0x0000000000001422      0x15c c:/intelfpga_lite/17.1/nios2eds/bin/gnu/h-x86_64-mingw32/bin/../lib/gcc/nios2-elf/5.3.0/../../../../../H-x86_64-mingw32/nios2-elf/lib/mno-hw-mul\libsmallc.a(lib_a-strlen.o)
 .debug_line    0x000000000000157e      0x105 c:/intelfpga_lite/17.1/nios2eds/bin/gnu/h-x86_64-mingw32/bin/../lib/gcc/nios2-elf/5.3.0/mno-hw-mul\libgcc.a(lib2-divmod.o)
 .debug_line    0x0000000000001683       0x80 c:/intelfpga_lite/17.1/nios2eds/bin/gnu/h-x86_64-mingw32/bin/../lib/gcc/nios2-elf/5.3.0/mno-hw-mul\libgcc.a(lib2-mul.o)

.debug_frame    0x0000000000000000      0x834
 *(.debug_frame)
 .debug_frame   0x0000000000000000       0x30 obj/default/hello_world_small.o
 .debug_frame   0x0000000000000030       0x30 ../test_tx_ua_bsp/\libhal_bsp.a(alt_load.o)
 .debug_frame   0x0000000000000060       0x2c ../test_tx_ua_bsp/\libhal_bsp.a(alt_main.o)
 .debug_frame   0x000000000000008c       0x20 ../test_tx_ua_bsp/\libhal_bsp.a(alt_usleep.o)
 .debug_frame   0x00000000000000ac       0x3c ../test_tx_ua_bsp/\libhal_bsp.a(alt_sys_init.o)
 .debug_frame   0x00000000000000e8      0x4c0 ../test_tx_ua_bsp/\libhal_bsp.a(altera_avalon_i2c.o)
 .debug_frame   0x00000000000005a8       0x30 ../test_tx_ua_bsp/\libhal_bsp.a(alt_busy_sleep.o)
 .debug_frame   0x00000000000005d8       0x20 ../test_tx_ua_bsp/\libhal_bsp.a(alt_dcache_flush_all.o)
 .debug_frame   0x00000000000005f8       0x2c ../test_tx_ua_bsp/\libhal_bsp.a(alt_dev_llist_insert.o)
 .debug_frame   0x0000000000000624       0x3c ../test_tx_ua_bsp/\libhal_bsp.a(alt_find_dev.o)
 .debug_frame   0x0000000000000660       0x20 ../test_tx_ua_bsp/\libhal_bsp.a(alt_icache_flush_all.o)
 .debug_frame   0x0000000000000680       0x50 ../test_tx_ua_bsp/\libhal_bsp.a(alt_iic.o)
 .debug_frame   0x00000000000006d0       0x30 ../test_tx_ua_bsp/\libhal_bsp.a(alt_iic_isr_register.o)
 .debug_frame   0x0000000000000700       0x34 ../test_tx_ua_bsp/\libhal_bsp.a(alt_irq_handler.o)
 .debug_frame   0x0000000000000734       0x20 ../test_tx_ua_bsp/\libhal_bsp.a(altera_nios2_gen2_irq.o)
 .debug_frame   0x0000000000000754       0x30 ../test_tx_ua_bsp/\libhal_bsp.a(alt_instruction_exception_entry.o)
 .debug_frame   0x0000000000000784       0x20 c:/intelfpga_lite/17.1/nios2eds/bin/gnu/h-x86_64-mingw32/bin/../lib/gcc/nios2-elf/5.3.0/../../../../../H-x86_64-mingw32/nios2-elf/lib/mno-hw-mul\libsmallc.a(lib_a-memcmp.o)
 .debug_frame   0x00000000000007a4       0x20 c:/intelfpga_lite/17.1/nios2eds/bin/gnu/h-x86_64-mingw32/bin/../lib/gcc/nios2-elf/5.3.0/../../../../../H-x86_64-mingw32/nios2-elf/lib/mno-hw-mul\libsmallc.a(lib_a-strlen.o)
 .debug_frame   0x00000000000007c4       0x50 c:/intelfpga_lite/17.1/nios2eds/bin/gnu/h-x86_64-mingw32/bin/../lib/gcc/nios2-elf/5.3.0/mno-hw-mul\libgcc.a(lib2-divmod.o)
 .debug_frame   0x0000000000000814       0x20 c:/intelfpga_lite/17.1/nios2eds/bin/gnu/h-x86_64-mingw32/bin/../lib/gcc/nios2-elf/5.3.0/mno-hw-mul\libgcc.a(lib2-mul.o)

.debug_str      0x0000000000000000     0x1a4e
 *(.debug_str)
 .debug_str     0x0000000000000000      0x11e obj/default/hello_world_small.o
                                        0x164 (size before relaxing)
 .debug_str     0x000000000000011e      0x15b ../test_tx_ua_bsp/\libhal_bsp.a(alt_load.o)
                                        0x242 (size before relaxing)
 .debug_str     0x0000000000000279       0x8f ../test_tx_ua_bsp/\libhal_bsp.a(alt_main.o)
                                        0x1bb (size before relaxing)
 .debug_str     0x0000000000000308       0x2f ../test_tx_ua_bsp/\libhal_bsp.a(alt_usleep.o)
                                        0x15d (size before relaxing)
 .debug_str     0x0000000000000337      0x23e ../test_tx_ua_bsp/\libhal_bsp.a(alt_sys_init.o)
                                        0x3d3 (size before relaxing)
 .debug_str     0x0000000000000575      0x9a0 ../test_tx_ua_bsp/\libhal_bsp.a(altera_avalon_i2c.o)
                                        0xcdb (size before relaxing)
 .debug_str     0x0000000000000f15       0x33 ../test_tx_ua_bsp/\libhal_bsp.a(alt_busy_sleep.o)
                                        0x171 (size before relaxing)
 .debug_str     0x0000000000000f48       0x1f ../test_tx_ua_bsp/\libhal_bsp.a(alt_dcache_flush_all.o)
                                        0x15b (size before relaxing)
 .debug_str     0x0000000000000f67       0x3e ../test_tx_ua_bsp/\libhal_bsp.a(alt_dev_llist_insert.o)
                                        0x1d2 (size before relaxing)
 .debug_str     0x0000000000000fa5       0x14 ../test_tx_ua_bsp/\libhal_bsp.a(alt_errno.o)
                                        0x14b (size before relaxing)
 .debug_str     0x0000000000000fb9       0x74 ../test_tx_ua_bsp/\libhal_bsp.a(alt_find_dev.o)
                                        0x200 (size before relaxing)
 .debug_str     0x000000000000102d       0x1f ../test_tx_ua_bsp/\libhal_bsp.a(alt_icache_flush_all.o)
                                        0x15b (size before relaxing)
 .debug_str     0x000000000000104c       0xbe ../test_tx_ua_bsp/\libhal_bsp.a(alt_iic.o)
                                        0x259 (size before relaxing)
 .debug_str     0x000000000000110a       0x37 ../test_tx_ua_bsp/\libhal_bsp.a(alt_iic_isr_register.o)
                                        0x213 (size before relaxing)
 .debug_str     0x0000000000001141       0x3a ../test_tx_ua_bsp/\libhal_bsp.a(alt_irq_handler.o)
                                        0x19d (size before relaxing)
 .debug_str     0x000000000000117b       0x17 ../test_tx_ua_bsp/\libhal_bsp.a(alt_irq_vars.o)
                                        0x140 (size before relaxing)
 .debug_str     0x0000000000001192       0x20 ../test_tx_ua_bsp/\libhal_bsp.a(altera_nios2_gen2_irq.o)
                                        0x162 (size before relaxing)
 .debug_str     0x00000000000011b2      0x48b ../test_tx_ua_bsp/\libhal_bsp.a(alt_instruction_exception_entry.o)
                                        0x5a6 (size before relaxing)
 .debug_str     0x000000000000163d      0x134 c:/intelfpga_lite/17.1/nios2eds/bin/gnu/h-x86_64-mingw32/bin/../lib/gcc/nios2-elf/5.3.0/../../../../../H-x86_64-mingw32/nios2-elf/lib/mno-hw-mul\libsmallc.a(lib_a-int_errno.o)
                                        0x1d8 (size before relaxing)
 .debug_str     0x0000000000001771       0xd9 c:/intelfpga_lite/17.1/nios2eds/bin/gnu/h-x86_64-mingw32/bin/../lib/gcc/nios2-elf/5.3.0/../../../../../H-x86_64-mingw32/nios2-elf/lib/mno-hw-mul\libsmallc.a(lib_a-memcmp.o)
                                        0x1df (size before relaxing)
 .debug_str     0x000000000000184a       0x3d c:/intelfpga_lite/17.1/nios2eds/bin/gnu/h-x86_64-mingw32/bin/../lib/gcc/nios2-elf/5.3.0/../../../../../H-x86_64-mingw32/nios2-elf/lib/mno-hw-mul\libsmallc.a(lib_a-strlen.o)
                                        0x1e5 (size before relaxing)
 .debug_str     0x0000000000001887      0x187 c:/intelfpga_lite/17.1/nios2eds/bin/gnu/h-x86_64-mingw32/bin/../lib/gcc/nios2-elf/5.3.0/mno-hw-mul\libgcc.a(lib2-divmod.o)
                                        0x1d2 (size before relaxing)
 .debug_str     0x0000000000001a0e       0x40 c:/intelfpga_lite/17.1/nios2eds/bin/gnu/h-x86_64-mingw32/bin/../lib/gcc/nios2-elf/5.3.0/mno-hw-mul\libgcc.a(lib2-mul.o)
                                        0x193 (size before relaxing)

.debug_loc      0x0000000000000000     0x203f
 *(.debug_loc)
 .debug_loc     0x0000000000000000       0x32 obj/default/hello_world_small.o
 .debug_loc     0x0000000000000032       0x21 ../test_tx_ua_bsp/\libhal_bsp.a(alt_usleep.o)
 .debug_loc     0x0000000000000053       0x21 ../test_tx_ua_bsp/\libhal_bsp.a(alt_sys_init.o)
 .debug_loc     0x0000000000000074     0x147b ../test_tx_ua_bsp/\libhal_bsp.a(altera_avalon_i2c.o)
 .debug_loc     0x00000000000014ef       0x67 ../test_tx_ua_bsp/\libhal_bsp.a(alt_busy_sleep.o)
 .debug_loc     0x0000000000001556       0x7e ../test_tx_ua_bsp/\libhal_bsp.a(alt_dev_llist_insert.o)
 .debug_loc     0x00000000000015d4       0x7e ../test_tx_ua_bsp/\libhal_bsp.a(alt_find_dev.o)
 .debug_loc     0x0000000000001652      0x170 ../test_tx_ua_bsp/\libhal_bsp.a(alt_iic.o)
 .debug_loc     0x00000000000017c2      0x193 ../test_tx_ua_bsp/\libhal_bsp.a(alt_iic_isr_register.o)
 .debug_loc     0x0000000000001955       0x72 ../test_tx_ua_bsp/\libhal_bsp.a(alt_irq_handler.o)
 .debug_loc     0x00000000000019c7       0x65 ../test_tx_ua_bsp/\libhal_bsp.a(alt_instruction_exception_entry.o)
 .debug_loc     0x0000000000001a2c       0x94 c:/intelfpga_lite/17.1/nios2eds/bin/gnu/h-x86_64-mingw32/bin/../lib/gcc/nios2-elf/5.3.0/../../../../../H-x86_64-mingw32/nios2-elf/lib/mno-hw-mul\libsmallc.a(lib_a-memcmp.o)
 .debug_loc     0x0000000000001ac0       0x1e c:/intelfpga_lite/17.1/nios2eds/bin/gnu/h-x86_64-mingw32/bin/../lib/gcc/nios2-elf/5.3.0/../../../../../H-x86_64-mingw32/nios2-elf/lib/mno-hw-mul\libsmallc.a(lib_a-strlen.o)
 .debug_loc     0x0000000000001ade      0x4ce c:/intelfpga_lite/17.1/nios2eds/bin/gnu/h-x86_64-mingw32/bin/../lib/gcc/nios2-elf/5.3.0/mno-hw-mul\libgcc.a(lib2-divmod.o)
 .debug_loc     0x0000000000001fac       0x93 c:/intelfpga_lite/17.1/nios2eds/bin/gnu/h-x86_64-mingw32/bin/../lib/gcc/nios2-elf/5.3.0/mno-hw-mul\libgcc.a(lib2-mul.o)

.debug_macinfo
 *(.debug_macinfo)

.debug_weaknames
 *(.debug_weaknames)

.debug_funcnames
 *(.debug_funcnames)

.debug_typenames
 *(.debug_typenames)

.debug_varnames
 *(.debug_varnames)

.debug_alt_sim_info
                0x0000000000000000       0x40
 *(.debug_alt_sim_info)
 .debug_alt_sim_info
                0x0000000000000000       0x10 ../test_tx_ua_bsp//obj/HAL/src/crt0.o
 .debug_alt_sim_info
                0x0000000000000010       0x30 ../test_tx_ua_bsp/\libhal_bsp.a(alt_busy_sleep.o)
                0x0000000000007e80                __alt_data_end = 0x7e80
                0x0000000000007e80                PROVIDE (__alt_stack_pointer, __alt_data_end)
                [!provide]                        PROVIDE (__alt_stack_limit, __alt_stack_base)
                [!provide]                        PROVIDE (__alt_heap_start, end)
                [!provide]                        PROVIDE (__alt_heap_limit, 0x7e80)
OUTPUT(test_tx_ua.elf elf32-littlenios2)

.debug_ranges   0x0000000000000000      0x1f0
 .debug_ranges  0x0000000000000000       0x20 ../test_tx_ua_bsp//obj/HAL/src/crt0.o
 .debug_ranges  0x0000000000000020       0x10 obj/default/hello_world_small.o
 .debug_ranges  0x0000000000000030       0x48 ../test_tx_ua_bsp/\libhal_bsp.a(alt_load.o)
 .debug_ranges  0x0000000000000078       0x58 ../test_tx_ua_bsp/\libhal_bsp.a(altera_avalon_i2c.o)
 .debug_ranges  0x00000000000000d0       0x20 ../test_tx_ua_bsp/\libhal_bsp.a(alt_dev_llist_insert.o)
 .debug_ranges  0x00000000000000f0       0x28 ../test_tx_ua_bsp/\libhal_bsp.a(alt_irq_entry.o)
 .debug_ranges  0x0000000000000118       0x10 ../test_tx_ua_bsp/\libhal_bsp.a(alt_irq_handler.o)
 .debug_ranges  0x0000000000000128       0x30 ../test_tx_ua_bsp/\libhal_bsp.a(alt_exception_entry.o)
 .debug_ranges  0x0000000000000158       0x18 ../test_tx_ua_bsp/\libhal_bsp.a(alt_instruction_exception_entry.o)
 .debug_ranges  0x0000000000000170       0x10 c:/intelfpga_lite/17.1/nios2eds/bin/gnu/h-x86_64-mingw32/bin/../lib/gcc/nios2-elf/5.3.0/../../../../../H-x86_64-mingw32/nios2-elf/lib/mno-hw-mul\libsmallc.a(lib_a-memcmp.o)
 .debug_ranges  0x0000000000000180       0x10 c:/intelfpga_lite/17.1/nios2eds/bin/gnu/h-x86_64-mingw32/bin/../lib/gcc/nios2-elf/5.3.0/../../../../../H-x86_64-mingw32/nios2-elf/lib/mno-hw-mul\libsmallc.a(lib_a-strlen.o)
 .debug_ranges  0x0000000000000190       0x60 c:/intelfpga_lite/17.1/nios2eds/bin/gnu/h-x86_64-mingw32/bin/../lib/gcc/nios2-elf/5.3.0/mno-hw-mul\libgcc.a(lib2-divmod.o)
