Archive member included to satisfy reference by file (symbol)

c:/intelfpga_lite/17.1/nios2eds/bin/gnu/h-x86_64-mingw32/bin/../lib/gcc/nios2-elf/5.3.0/mno-hw-mul\libgcc.a(lib2-mul.o)
                              obj/default/oled_ssd1306.o (__mulsi3)
c:/intelfpga_lite/17.1/nios2eds/bin/gnu/h-x86_64-mingw32/bin/../lib/gcc/nios2-elf/5.3.0/../../../../../H-x86_64-mingw32/nios2-elf/lib/mno-hw-mul\libsmallc.a(lib_a-memcpy.o)
                              obj/default/oled_ssd1306.o (memcpy)
c:/intelfpga_lite/17.1/nios2eds/bin/gnu/h-x86_64-mingw32/bin/../lib/gcc/nios2-elf/5.3.0/../../../../../H-x86_64-mingw32/nios2-elf/lib/mno-hw-mul\libsmallc.a(lib_a-memset.o)
                              obj/default/oled_ssd1306.o (memset)
../i2c_oled_test_bsp/\libhal_bsp.a(alt_load.o)
                              ../i2c_oled_test_bsp//obj/HAL/src/crt0.o (alt_load)
../i2c_oled_test_bsp/\libhal_bsp.a(alt_main.o)
                              ../i2c_oled_test_bsp//obj/HAL/src/crt0.o (alt_main)
../i2c_oled_test_bsp/\libhal_bsp.a(alt_sys_init.o)
                              ../i2c_oled_test_bsp/\libhal_bsp.a(alt_main.o) (alt_irq_init)
../i2c_oled_test_bsp/\libhal_bsp.a(altera_avalon_i2c.o)
                              obj/default/hello_world_small.o (alt_avalon_i2c_open)
../i2c_oled_test_bsp/\libhal_bsp.a(alt_busy_sleep.o)
                              ../i2c_oled_test_bsp/\libhal_bsp.a(altera_avalon_i2c.o) (alt_busy_sleep)
../i2c_oled_test_bsp/\libhal_bsp.a(alt_dcache_flush_all.o)
                              ../i2c_oled_test_bsp/\libhal_bsp.a(alt_load.o) (alt_dcache_flush_all)
../i2c_oled_test_bsp/\libhal_bsp.a(alt_dev_llist_insert.o)
                              ../i2c_oled_test_bsp/\libhal_bsp.a(altera_avalon_i2c.o) (alt_dev_llist_insert)
../i2c_oled_test_bsp/\libhal_bsp.a(alt_errno.o)
                              ../i2c_oled_test_bsp/\libhal_bsp.a(alt_dev_llist_insert.o) (alt_errno)
../i2c_oled_test_bsp/\libhal_bsp.a(alt_find_dev.o)
                              ../i2c_oled_test_bsp/\libhal_bsp.a(altera_avalon_i2c.o) (alt_find_dev)
../i2c_oled_test_bsp/\libhal_bsp.a(alt_icache_flush_all.o)
                              ../i2c_oled_test_bsp/\libhal_bsp.a(alt_load.o) (alt_icache_flush_all)
../i2c_oled_test_bsp/\libhal_bsp.a(alt_iic.o)
                              ../i2c_oled_test_bsp/\libhal_bsp.a(altera_avalon_i2c.o) (alt_ic_isr_register)
../i2c_oled_test_bsp/\libhal_bsp.a(alt_iic_isr_register.o)
                              ../i2c_oled_test_bsp/\libhal_bsp.a(alt_iic.o) (alt_iic_isr_register)
../i2c_oled_test_bsp/\libhal_bsp.a(alt_irq_entry.o)
                              ../i2c_oled_test_bsp/\libhal_bsp.a(alt_iic_isr_register.o) (alt_irq_entry)
../i2c_oled_test_bsp/\libhal_bsp.a(alt_irq_handler.o)
                              ../i2c_oled_test_bsp/\libhal_bsp.a(alt_iic_isr_register.o) (alt_irq_handler)
../i2c_oled_test_bsp/\libhal_bsp.a(alt_irq_vars.o)
                              ../i2c_oled_test_bsp/\libhal_bsp.a(alt_iic.o) (alt_irq_active)
../i2c_oled_test_bsp/\libhal_bsp.a(altera_nios2_gen2_irq.o)
                              ../i2c_oled_test_bsp/\libhal_bsp.a(alt_sys_init.o) (altera_nios2_gen2_irq_init)
../i2c_oled_test_bsp/\libhal_bsp.a(alt_exception_entry.o)
                              ../i2c_oled_test_bsp/\libhal_bsp.a(alt_irq_entry.o) (alt_exception)
../i2c_oled_test_bsp/\libhal_bsp.a(alt_instruction_exception_entry.o)
                              ../i2c_oled_test_bsp/\libhal_bsp.a(alt_exception_entry.o) (alt_instruction_exception_entry)
c:/intelfpga_lite/17.1/nios2eds/bin/gnu/h-x86_64-mingw32/bin/../lib/gcc/nios2-elf/5.3.0/../../../../../H-x86_64-mingw32/nios2-elf/lib/mno-hw-mul\libsmallc.a(lib_a-int_errno.o)
                              ../i2c_oled_test_bsp/\libhal_bsp.a(alt_dev_llist_insert.o) (errno)
c:/intelfpga_lite/17.1/nios2eds/bin/gnu/h-x86_64-mingw32/bin/../lib/gcc/nios2-elf/5.3.0/../../../../../H-x86_64-mingw32/nios2-elf/lib/mno-hw-mul\libsmallc.a(lib_a-memcmp.o)
                              ../i2c_oled_test_bsp/\libhal_bsp.a(alt_find_dev.o) (memcmp)
c:/intelfpga_lite/17.1/nios2eds/bin/gnu/h-x86_64-mingw32/bin/../lib/gcc/nios2-elf/5.3.0/../../../../../H-x86_64-mingw32/nios2-elf/lib/mno-hw-mul\libsmallc.a(lib_a-strlen.o)
                              ../i2c_oled_test_bsp/\libhal_bsp.a(alt_find_dev.o) (strlen)
c:/intelfpga_lite/17.1/nios2eds/bin/gnu/h-x86_64-mingw32/bin/../lib/gcc/nios2-elf/5.3.0/mno-hw-mul\libgcc.a(lib2-divmod.o)
                              ../i2c_oled_test_bsp/\libhal_bsp.a(altera_avalon_i2c.o) (__udivsi3)

Allocating common symbols
Common symbol       size              file

alt_irq             0x100             ../i2c_oled_test_bsp/\libhal_bsp.a(alt_irq_handler.o)
errno               0x4               c:/intelfpga_lite/17.1/nios2eds/bin/gnu/h-x86_64-mingw32/bin/../lib/gcc/nios2-elf/5.3.0/../../../../../H-x86_64-mingw32/nios2-elf/lib/mno-hw-mul\libsmallc.a(lib_a-int_errno.o)

Memory Configuration

Name             Origin             Length             Attributes
reset            0x0000000000004000 0x0000000000000020
onchip_memory2_0 0x0000000000004020 0x0000000000003e60
*default*        0x0000000000000000 0xffffffffffffffff

Linker script and memory map

LOAD ../i2c_oled_test_bsp//obj/HAL/src/crt0.o
LOAD obj/default/hello_world_small.o
LOAD obj/default/oled_ssd1306.o
LOAD c:/intelfpga_lite/17.1/nios2eds/bin/gnu/h-x86_64-mingw32/bin/../lib/gcc/nios2-elf/5.3.0/../../../../../H-x86_64-mingw32/nios2-elf/lib/mno-hw-mul\libstdc++.a
LOAD c:/intelfpga_lite/17.1/nios2eds/bin/gnu/h-x86_64-mingw32/bin/../lib/gcc/nios2-elf/5.3.0/../../../../../H-x86_64-mingw32/nios2-elf/lib/mno-hw-mul\libm.a
LOAD c:/intelfpga_lite/17.1/nios2eds/bin/gnu/h-x86_64-mingw32/bin/../lib/gcc/nios2-elf/5.3.0/mno-hw-mul\libgcc.a
START GROUP
LOAD c:/intelfpga_lite/17.1/nios2eds/bin/gnu/h-x86_64-mingw32/bin/../lib/gcc/nios2-elf/5.3.0/../../../../../H-x86_64-mingw32/nios2-elf/lib/mno-hw-mul\libsmallc.a
LOAD c:/intelfpga_lite/17.1/nios2eds/bin/gnu/h-x86_64-mingw32/bin/../lib/gcc/nios2-elf/5.3.0/mno-hw-mul\libgcc.a
LOAD ../i2c_oled_test_bsp/\libhal_bsp.a
LOAD c:/intelfpga_lite/17.1/nios2eds/bin/gnu/h-x86_64-mingw32/bin/../lib/gcc/nios2-elf/5.3.0/../../../../../H-x86_64-mingw32/nios2-elf/lib/mno-hw-mul\libm.a
END GROUP
LOAD c:/intelfpga_lite/17.1/nios2eds/bin/gnu/h-x86_64-mingw32/bin/../lib/gcc/nios2-elf/5.3.0/mno-hw-mul\libgcc.a
                0x0000000000004000                __alt_mem_onchip_memory2_0 = 0x4000

.entry          0x0000000000004000       0x20
 *(.entry)
 .entry         0x0000000000004000       0x20 ../i2c_oled_test_bsp//obj/HAL/src/crt0.o
                0x0000000000004000                __reset
                0x000000000000400c                _exit

.exceptions     0x0000000000004020      0x160
                0x0000000000004020                PROVIDE (__ram_exceptions_start, ABSOLUTE (.))
                0x0000000000004020                . = ALIGN (0x20)
 *(.irq)
 *(.exceptions.entry.label)
 .exceptions.entry.label
                0x0000000000004020        0x0 ../i2c_oled_test_bsp/\libhal_bsp.a(alt_irq_entry.o)
                0x0000000000004020                alt_irq_entry
 .exceptions.entry.label
                0x0000000000004020        0x0 ../i2c_oled_test_bsp/\libhal_bsp.a(alt_exception_entry.o)
                0x0000000000004020                alt_exception
 *(.exceptions.entry.user)
 *(.exceptions.entry.ecc_fatal)
 *(.exceptions.entry)
 .exceptions.entry
                0x0000000000004020       0x54 ../i2c_oled_test_bsp/\libhal_bsp.a(alt_exception_entry.o)
 *(.exceptions.irqtest.user)
 *(.exceptions.irqtest)
 .exceptions.irqtest
                0x0000000000004074       0x10 ../i2c_oled_test_bsp/\libhal_bsp.a(alt_irq_entry.o)
 *(.exceptions.irqhandler.user)
 *(.exceptions.irqhandler)
 .exceptions.irqhandler
                0x0000000000004084        0x4 ../i2c_oled_test_bsp/\libhal_bsp.a(alt_irq_entry.o)
 *(.exceptions.irqreturn.user)
 *(.exceptions.irqreturn)
 .exceptions.irqreturn
                0x0000000000004088        0x4 ../i2c_oled_test_bsp/\libhal_bsp.a(alt_irq_entry.o)
 *(.exceptions.notirq.label)
 .exceptions.notirq.label
                0x000000000000408c        0x0 ../i2c_oled_test_bsp/\libhal_bsp.a(alt_irq_entry.o)
 *(.exceptions.notirq.user)
 *(.exceptions.notirq)
 .exceptions.notirq
                0x000000000000408c        0x8 ../i2c_oled_test_bsp/\libhal_bsp.a(alt_exception_entry.o)
 *(.exceptions.soft.user)
 *(.exceptions.soft)
 *(.exceptions.unknown.user)
 *(.exceptions.unknown)
 .exceptions.unknown
                0x0000000000004094       0x14 ../i2c_oled_test_bsp/\libhal_bsp.a(alt_exception_entry.o)
 *(.exceptions.exit.label)
 .exceptions.exit.label
                0x00000000000040a8        0x0 ../i2c_oled_test_bsp/\libhal_bsp.a(alt_irq_entry.o)
 .exceptions.exit.label
                0x00000000000040a8        0x0 ../i2c_oled_test_bsp/\libhal_bsp.a(alt_exception_entry.o)
 *(.exceptions.exit.user)
 *(.exceptions.exit)
 .exceptions.exit
                0x00000000000040a8       0x54 ../i2c_oled_test_bsp/\libhal_bsp.a(alt_exception_entry.o)
 *(.exceptions)
 .exceptions    0x00000000000040fc       0x60 ../i2c_oled_test_bsp/\libhal_bsp.a(alt_irq_handler.o)
                0x00000000000040fc                alt_irq_handler
 .exceptions    0x000000000000415c       0x24 ../i2c_oled_test_bsp/\libhal_bsp.a(alt_instruction_exception_entry.o)
                0x000000000000415c                alt_instruction_exception_entry
                0x0000000000004180                PROVIDE (__ram_exceptions_end, ABSOLUTE (.))
                0x0000000000004020                PROVIDE (__flash_exceptions_start, LOADADDR (.exceptions))

.text           0x0000000000004180     0x1e70
                [!provide]                        PROVIDE (stext, ABSOLUTE (.))
 *(.interp)
 *(.hash)
 *(.dynsym)
 *(.dynstr)
 *(.gnu.version)
 *(.gnu.version_d)
 *(.gnu.version_r)
 *(.rel.init)
 *(.rela.init)
 *(.rel.text .rel.text.* .rel.gnu.linkonce.t.*)
 *(.rela.text .rela.text.* .rela.gnu.linkonce.t.*)
 *(.rel.fini)
 *(.rela.fini)
 *(.rel.rodata .rel.rodata.* .rel.gnu.linkonce.r.*)
 *(.rela.rodata .rela.rodata.* .rela.gnu.linkonce.r.*)
 *(.rel.data .rel.data.* .rel.gnu.linkonce.d.*)
 *(.rela.data .rela.data.* .rela.gnu.linkonce.d.*)
 *(.rel.tdata .rel.tdata.* .rel.gnu.linkonce.td.*)
 *(.rela.tdata .rela.tdata.* .rela.gnu.linkonce.td.*)
 *(.rel.tbss .rel.tbss.* .rel.gnu.linkonce.tb.*)
 *(.rela.tbss .rela.tbss.* .rela.gnu.linkonce.tb.*)
 *(.rel.ctors)
 *(.rela.ctors)
 *(.rel.dtors)
 *(.rela.dtors)
 *(.rel.got)
 *(.rela.got)
 *(.rel.sdata .rel.sdata.* .rel.gnu.linkonce.s.*)
 *(.rela.sdata .rela.sdata.* .rela.gnu.linkonce.s.*)
 *(.rel.sbss .rel.sbss.* .rel.gnu.linkonce.sb.*)
 *(.rela.sbss .rela.sbss.* .rela.gnu.linkonce.sb.*)
 *(.rel.sdata2 .rel.sdata2.* .rel.gnu.linkonce.s2.*)
 *(.rela.sdata2 .rela.sdata2.* .rela.gnu.linkonce.s2.*)
 *(.rel.sbss2 .rel.sbss2.* .rel.gnu.linkonce.sb2.*)
 *(.rela.sbss2 .rela.sbss2.* .rela.gnu.linkonce.sb2.*)
 *(.rel.bss .rel.bss.* .rel.gnu.linkonce.b.*)
 *(.rela.bss .rela.bss.* .rela.gnu.linkonce.b.*)
 *(.rel.plt)
 *(.rela.plt)
 *(.rel.dyn)
 *(.init)
 *(.plt)
 *(.text .stub .text.* .gnu.linkonce.t.*)
 .text          0x0000000000004180       0x3c ../i2c_oled_test_bsp//obj/HAL/src/crt0.o
                0x0000000000004180                _start
 .text          0x00000000000041bc       0x1c obj/default/hello_world_small.o
 .text.startup  0x00000000000041d8      0x170 obj/default/hello_world_small.o
                0x00000000000041d8                main
 .text          0x0000000000004348      0x4c8 obj/default/oled_ssd1306.o
                0x0000000000004444                oled_set_cursor
                0x0000000000004498                oled_clear
                0x0000000000004530                oled_begin
                0x0000000000004690                oled_begin_auto
                0x00000000000046e4                oled_putc
                0x0000000000004758                oled_print
                0x000000000000479c                oled_print_line
 .text          0x0000000000004810       0x28 c:/intelfpga_lite/17.1/nios2eds/bin/gnu/h-x86_64-mingw32/bin/../lib/gcc/nios2-elf/5.3.0/mno-hw-mul\libgcc.a(lib2-mul.o)
                0x0000000000004810                __mulsi3
 .text          0x0000000000004838        0x0 c:/intelfpga_lite/17.1/nios2eds/bin/gnu/h-x86_64-mingw32/bin/../lib/gcc/nios2-elf/5.3.0/../../../../../H-x86_64-mingw32/nios2-elf/lib/mno-hw-mul\libsmallc.a(lib_a-memcpy.o)
 .text.memcpy   0x0000000000004838       0x28 c:/intelfpga_lite/17.1/nios2eds/bin/gnu/h-x86_64-mingw32/bin/../lib/gcc/nios2-elf/5.3.0/../../../../../H-x86_64-mingw32/nios2-elf/lib/mno-hw-mul\libsmallc.a(lib_a-memcpy.o)
                0x0000000000004838                memcpy
 .text          0x0000000000004860        0x0 c:/intelfpga_lite/17.1/nios2eds/bin/gnu/h-x86_64-mingw32/bin/../lib/gcc/nios2-elf/5.3.0/../../../../../H-x86_64-mingw32/nios2-elf/lib/mno-hw-mul\libsmallc.a(lib_a-memset.o)
 .text.memset   0x0000000000004860       0x20 c:/intelfpga_lite/17.1/nios2eds/bin/gnu/h-x86_64-mingw32/bin/../lib/gcc/nios2-elf/5.3.0/../../../../../H-x86_64-mingw32/nios2-elf/lib/mno-hw-mul\libsmallc.a(lib_a-memset.o)
                0x0000000000004860                memset
 .text          0x0000000000004880       0xe0 ../i2c_oled_test_bsp/\libhal_bsp.a(alt_load.o)
                0x0000000000004880                alt_load
 .text          0x0000000000004960       0x2c ../i2c_oled_test_bsp/\libhal_bsp.a(alt_main.o)
                0x0000000000004960                alt_main
 .text          0x000000000000498c       0x2c ../i2c_oled_test_bsp/\libhal_bsp.a(alt_sys_init.o)
                0x000000000000498c                alt_irq_init
                0x00000000000049ac                alt_sys_init
 .text          0x00000000000049b8     0x1158 ../i2c_oled_test_bsp/\libhal_bsp.a(altera_avalon_i2c.o)
                0x00000000000049b8                alt_avalon_i2c_register_optional_irq_handler
                0x00000000000049d4                alt_avalon_i2c_register_callback
                0x00000000000049e4                alt_avalon_i2c_open
                0x00000000000049ec                alt_avalon_i2c_enable
                0x0000000000004a34                alt_avalon_i2c_disable
                0x0000000000004a50                alt_avalon_i2c_master_config_get
                0x0000000000004a94                alt_avalon_i2c_master_config_set
                0x0000000000004aec                alt_avalon_i2c_master_config_speed_get
                0x0000000000004b38                alt_avalon_i2c_master_config_speed_set
                0x0000000000004bc4                alt_avalon_i2c_is_busy
                0x0000000000004bd4                alt_avalon_i2c_rx_read_available
                0x0000000000004c0c                alt_avalon_i2c_rx_read
                0x0000000000004c8c                alt_avalon_i2c_master_target_get
                0x0000000000004c98                alt_avalon_i2c_master_target_set
                0x0000000000004ca0                alt_avalon_i2c_check_nack
                0x0000000000004cbc                alt_avalon_i2c_check_arblost
                0x0000000000004cd8                alt_avalon_i2c_cmd_write
                0x0000000000004da0                alt_avalon_i2c_send_address
                0x0000000000004e18                alt_avalon_i2c_master_transmit
                0x0000000000004f5c                alt_avalon_i2c_master_receive
                0x0000000000005110                alt_avalon_i2c_int_status_get
                0x0000000000005128                alt_avalon_i2c_int_raw_status_get
                0x0000000000005138                alt_avalon_i2c_int_clear
                0x0000000000005144                alt_avalon_i2c_enabled_ints_get
                0x0000000000005158                alt_avalon_i2c_int_disable
                0x0000000000005204                alt_avalon_i2c_int_enable
                0x0000000000005304                alt_avalon_i2c_interrupt_transaction_status
                0x00000000000053f0                alt_avalon_i2c_rx_fifo_threshold_get
                0x0000000000005408                alt_avalon_i2c_rx_fifo_threshold_set
                0x0000000000005430                alt_avalon_i2c_master_receive_using_interrupts
                0x00000000000055bc                alt_avalon_i2c_master_rx
                0x00000000000056a4                alt_avalon_i2c_tfr_cmd_fifo_threshold_get
                0x00000000000056bc                alt_avalon_i2c_tfr_cmd_fifo_threshold_set
                0x00000000000056e8                alt_avalon_i2c_init
                0x0000000000005798                alt_avalon_i2c_master_transmit_using_interrupts
                0x0000000000005914                alt_avalon_i2c_master_tx
                0x00000000000059d8                alt_avalon_i2c_master_tx_rx
 .text          0x0000000000005b10       0x88 ../i2c_oled_test_bsp/\libhal_bsp.a(alt_busy_sleep.o)
                0x0000000000005b10                alt_busy_sleep
 .text          0x0000000000005b98        0x4 ../i2c_oled_test_bsp/\libhal_bsp.a(alt_dcache_flush_all.o)
                0x0000000000005b98                alt_dcache_flush_all
 .text          0x0000000000005b9c       0x6c ../i2c_oled_test_bsp/\libhal_bsp.a(alt_dev_llist_insert.o)
                0x0000000000005b9c                alt_dev_llist_insert
 .text          0x0000000000005c08        0x0 ../i2c_oled_test_bsp/\libhal_bsp.a(alt_errno.o)
 .text          0x0000000000005c08       0x74 ../i2c_oled_test_bsp/\libhal_bsp.a(alt_find_dev.o)
                0x0000000000005c08                alt_find_dev
 .text          0x0000000000005c7c        0x4 ../i2c_oled_test_bsp/\libhal_bsp.a(alt_icache_flush_all.o)
                0x0000000000005c7c                alt_icache_flush_all
 .text          0x0000000000005c80       0x8c ../i2c_oled_test_bsp/\libhal_bsp.a(alt_iic.o)
                0x0000000000005c80                alt_ic_isr_register
                0x0000000000005c84                alt_ic_irq_enable
                0x0000000000005cbc                alt_ic_irq_disable
                0x0000000000005cf4                alt_ic_irq_enabled
 .text          0x0000000000005d0c       0x68 ../i2c_oled_test_bsp/\libhal_bsp.a(alt_iic_isr_register.o)
                0x0000000000005d0c                alt_iic_isr_register
 .text          0x0000000000005d74        0x0 ../i2c_oled_test_bsp/\libhal_bsp.a(alt_irq_entry.o)
 .text          0x0000000000005d74        0x0 ../i2c_oled_test_bsp/\libhal_bsp.a(alt_irq_handler.o)
 .text          0x0000000000005d74        0x0 ../i2c_oled_test_bsp/\libhal_bsp.a(alt_irq_vars.o)
 .text          0x0000000000005d74        0x8 ../i2c_oled_test_bsp/\libhal_bsp.a(altera_nios2_gen2_irq.o)
                0x0000000000005d74                altera_nios2_gen2_irq_init
 .text          0x0000000000005d7c        0x0 ../i2c_oled_test_bsp/\libhal_bsp.a(alt_exception_entry.o)
 .text          0x0000000000005d7c       0x74 ../i2c_oled_test_bsp/\libhal_bsp.a(alt_instruction_exception_entry.o)
                0x0000000000005d7c                alt_exception_cause_generated_bad_addr
 .text          0x0000000000005df0        0x0 c:/intelfpga_lite/17.1/nios2eds/bin/gnu/h-x86_64-mingw32/bin/../lib/gcc/nios2-elf/5.3.0/../../../../../H-x86_64-mingw32/nios2-elf/lib/mno-hw-mul\libsmallc.a(lib_a-int_errno.o)
 .text          0x0000000000005df0        0x0 c:/intelfpga_lite/17.1/nios2eds/bin/gnu/h-x86_64-mingw32/bin/../lib/gcc/nios2-elf/5.3.0/../../../../../H-x86_64-mingw32/nios2-elf/lib/mno-hw-mul\libsmallc.a(lib_a-memcmp.o)
 .text.memcmp   0x0000000000005df0       0x30 c:/intelfpga_lite/17.1/nios2eds/bin/gnu/h-x86_64-mingw32/bin/../lib/gcc/nios2-elf/5.3.0/../../../../../H-x86_64-mingw32/nios2-elf/lib/mno-hw-mul\libsmallc.a(lib_a-memcmp.o)
                0x0000000000005df0                memcmp
 .text          0x0000000000005e20        0x0 c:/intelfpga_lite/17.1/nios2eds/bin/gnu/h-x86_64-mingw32/bin/../lib/gcc/nios2-elf/5.3.0/../../../../../H-x86_64-mingw32/nios2-elf/lib/mno-hw-mul\libsmallc.a(lib_a-strlen.o)
 .text.strlen   0x0000000000005e20       0x1c c:/intelfpga_lite/17.1/nios2eds/bin/gnu/h-x86_64-mingw32/bin/../lib/gcc/nios2-elf/5.3.0/../../../../../H-x86_64-mingw32/nios2-elf/lib/mno-hw-mul\libsmallc.a(lib_a-strlen.o)
                0x0000000000005e20                strlen
 .text          0x0000000000005e3c      0x1b4 c:/intelfpga_lite/17.1/nios2eds/bin/gnu/h-x86_64-mingw32/bin/../lib/gcc/nios2-elf/5.3.0/mno-hw-mul\libgcc.a(lib2-divmod.o)
                0x0000000000005e3c                __divsi3
                0x0000000000005ec0                __modsi3
                0x0000000000005f34                __udivsi3
                0x0000000000005f98                __umodsi3
 *(.gnu.warning.*)
 *(.fini)
                [!provide]                        PROVIDE (__etext, ABSOLUTE (.))
                [!provide]                        PROVIDE (_etext, ABSOLUTE (.))
                [!provide]                        PROVIDE (etext, ABSOLUTE (.))
 *(.eh_frame_hdr)
                0x0000000000005ff0                . = ALIGN (0x4)
                [!provide]                        PROVIDE (__preinit_array_start, ABSOLUTE (.))
 *(.preinit_array)
                [!provide]                        PROVIDE (__preinit_array_end, ABSOLUTE (.))
                [!provide]                        PROVIDE (__init_array_start, ABSOLUTE (.))
 *(.init_array)
                [!provide]                        PROVIDE (__init_array_end, ABSOLUTE (.))
                [!provide]                        PROVIDE (__fini_array_start, ABSOLUTE (.))
 *(.fini_array)
                [!provide]                        PROVIDE (__fini_array_end, ABSOLUTE (.))
 *(.eh_frame)
 *(.gcc_except_table .gcc_except_table.*)
 *(.dynamic)
                [!provide]                        PROVIDE (__CTOR_LIST__, ABSOLUTE (.))
 *(.ctors)
 *(SORT(.ctors.*))
                [!provide]                        PROVIDE (__CTOR_END__, ABSOLUTE (.))
                [!provide]                        PROVIDE (__DTOR_LIST__, ABSOLUTE (.))
 *(.dtors)
 *(SORT(.dtors.*))
                [!provide]                        PROVIDE (__DTOR_END__, ABSOLUTE (.))
 *(.jcr)
                0x0000000000005ff0                . = ALIGN (0x4)

.rodata         0x0000000000005ff0      0x218
                0x0000000000005ff0                PROVIDE (__ram_rodata_start, ABSOLUTE (.))
                0x0000000000005ff0                . = ALIGN (0x4)
 *(.rodata .rodata.* .gnu.linkonce.r.*)
 .rodata.str1.4
                0x0000000000005ff0       0x38 obj/default/hello_world_small.o
                                         0x37 (size before relaxing)
 .rodata        0x0000000000006028      0x1e0 obj/default/oled_ssd1306.o
 .rodata.str1.4
                0x0000000000006208        0xb ../i2c_oled_test_bsp/\libhal_bsp.a(alt_sys_init.o)
 *(.rodata1)
                0x0000000000006214                . = ALIGN (0x4)
                0x0000000000006214                PROVIDE (__ram_rodata_end, ABSOLUTE (.))
                0x0000000000005ff0                PROVIDE (__flash_rodata_start, LOADADDR (.rodata))

.rwdata         0x0000000000006208       0x50 load address 0x0000000000006258
                0x0000000000006208                PROVIDE (__ram_rwdata_start, ABSOLUTE (.))
                0x0000000000006208                . = ALIGN (0x4)
 *(.got.plt)
 *(.got)
 *(.data1)
 *(.data .data.* .gnu.linkonce.d.*)
 .data          0x0000000000006208        0x0 ../i2c_oled_test_bsp//obj/HAL/src/crt0.o
 .data          0x0000000000006208        0x0 obj/default/hello_world_small.o
 .data          0x0000000000006208        0x0 obj/default/oled_ssd1306.o
 .data          0x0000000000006208        0x0 c:/intelfpga_lite/17.1/nios2eds/bin/gnu/h-x86_64-mingw32/bin/../lib/gcc/nios2-elf/5.3.0/mno-hw-mul\libgcc.a(lib2-mul.o)
 .data          0x0000000000006208        0x0 c:/intelfpga_lite/17.1/nios2eds/bin/gnu/h-x86_64-mingw32/bin/../lib/gcc/nios2-elf/5.3.0/../../../../../H-x86_64-mingw32/nios2-elf/lib/mno-hw-mul\libsmallc.a(lib_a-memcpy.o)
 .data          0x0000000000006208        0x0 c:/intelfpga_lite/17.1/nios2eds/bin/gnu/h-x86_64-mingw32/bin/../lib/gcc/nios2-elf/5.3.0/../../../../../H-x86_64-mingw32/nios2-elf/lib/mno-hw-mul\libsmallc.a(lib_a-memset.o)
 .data          0x0000000000006208        0x0 ../i2c_oled_test_bsp/\libhal_bsp.a(alt_load.o)
 .data          0x0000000000006208        0x0 ../i2c_oled_test_bsp/\libhal_bsp.a(alt_main.o)
 .data          0x0000000000006208       0x38 ../i2c_oled_test_bsp/\libhal_bsp.a(alt_sys_init.o)
 .data          0x0000000000006240        0x0 ../i2c_oled_test_bsp/\libhal_bsp.a(altera_avalon_i2c.o)
 .data          0x0000000000006240        0x0 ../i2c_oled_test_bsp/\libhal_bsp.a(alt_busy_sleep.o)
 .data          0x0000000000006240        0x0 ../i2c_oled_test_bsp/\libhal_bsp.a(alt_dcache_flush_all.o)
 .data          0x0000000000006240        0x0 ../i2c_oled_test_bsp/\libhal_bsp.a(alt_dev_llist_insert.o)
 .data          0x0000000000006240        0x0 ../i2c_oled_test_bsp/\libhal_bsp.a(alt_errno.o)
 .data          0x0000000000006240        0x0 ../i2c_oled_test_bsp/\libhal_bsp.a(alt_find_dev.o)
 .data          0x0000000000006240        0x0 ../i2c_oled_test_bsp/\libhal_bsp.a(alt_icache_flush_all.o)
 .data          0x0000000000006240        0x0 ../i2c_oled_test_bsp/\libhal_bsp.a(alt_iic.o)
 .data          0x0000000000006240        0x0 ../i2c_oled_test_bsp/\libhal_bsp.a(alt_iic_isr_register.o)
 .data          0x0000000000006240        0x0 ../i2c_oled_test_bsp/\libhal_bsp.a(alt_irq_entry.o)
 .data          0x0000000000006240        0x0 ../i2c_oled_test_bsp/\libhal_bsp.a(alt_irq_handler.o)
 .data          0x0000000000006240        0x0 ../i2c_oled_test_bsp/\libhal_bsp.a(alt_irq_vars.o)
 .data          0x0000000000006240        0x0 ../i2c_oled_test_bsp/\libhal_bsp.a(altera_nios2_gen2_irq.o)
 .data          0x0000000000006240        0x0 ../i2c_oled_test_bsp/\libhal_bsp.a(alt_exception_entry.o)
 .data          0x0000000000006240        0x0 ../i2c_oled_test_bsp/\libhal_bsp.a(alt_instruction_exception_entry.o)
 .data          0x0000000000006240        0x0 c:/intelfpga_lite/17.1/nios2eds/bin/gnu/h-x86_64-mingw32/bin/../lib/gcc/nios2-elf/5.3.0/../../../../../H-x86_64-mingw32/nios2-elf/lib/mno-hw-mul\libsmallc.a(lib_a-int_errno.o)
 .data          0x0000000000006240        0x0 c:/intelfpga_lite/17.1/nios2eds/bin/gnu/h-x86_64-mingw32/bin/../lib/gcc/nios2-elf/5.3.0/../../../../../H-x86_64-mingw32/nios2-elf/lib/mno-hw-mul\libsmallc.a(lib_a-memcmp.o)
 .data          0x0000000000006240        0x0 c:/intelfpga_lite/17.1/nios2eds/bin/gnu/h-x86_64-mingw32/bin/../lib/gcc/nios2-elf/5.3.0/../../../../../H-x86_64-mingw32/nios2-elf/lib/mno-hw-mul\libsmallc.a(lib_a-strlen.o)
 .data          0x0000000000006240        0x0 c:/intelfpga_lite/17.1/nios2eds/bin/gnu/h-x86_64-mingw32/bin/../lib/gcc/nios2-elf/5.3.0/mno-hw-mul\libgcc.a(lib2-divmod.o)
                0x000000000000e240                _gp = ABSOLUTE ((. + 0x8000))
                [!provide]                        PROVIDE (gp, _gp)
 *(.rwdata .rwdata.*)
 *(.sdata .sdata.* .gnu.linkonce.s.*)
 .sdata         0x0000000000006240        0x8 ../i2c_oled_test_bsp/\libhal_bsp.a(alt_sys_init.o)
                0x0000000000006240                uart_0
                0x0000000000006244                jtag_uart_0
 .sdata         0x0000000000006248        0x8 ../i2c_oled_test_bsp/\libhal_bsp.a(altera_avalon_i2c.o)
                0x0000000000006248                alt_avalon_i2c_list
 .sdata         0x0000000000006250        0x4 ../i2c_oled_test_bsp/\libhal_bsp.a(alt_errno.o)
                0x0000000000006250                alt_errno
 .sdata         0x0000000000006254        0x4 ../i2c_oled_test_bsp/\libhal_bsp.a(alt_irq_vars.o)
                0x0000000000006254                alt_priority_mask
 *(.sdata2 .sdata2.* .gnu.linkonce.s2.*)
                0x0000000000006258                . = ALIGN (0x4)
                0x0000000000006258                _edata = ABSOLUTE (.)
                [!provide]                        PROVIDE (edata, ABSOLUTE (.))
                0x0000000000006258                PROVIDE (__ram_rwdata_end, ABSOLUTE (.))
                0x0000000000006258                PROVIDE (__flash_rwdata_start, LOADADDR (.rwdata))

.bss            0x00000000000062a8      0x118
                0x00000000000062a8                __bss_start = ABSOLUTE (.)
                [!provide]                        PROVIDE (__sbss_start, ABSOLUTE (.))
                [!provide]                        PROVIDE (___sbss_start, ABSOLUTE (.))
 *(.dynsbss)
 *(.sbss .sbss.* .gnu.linkonce.sb.*)
 .sbss          0x00000000000062a8        0xc ../i2c_oled_test_bsp/\libhal_bsp.a(alt_main.o)
                0x00000000000062a8                alt_envp
                0x00000000000062ac                alt_argv
                0x00000000000062b0                alt_argc
 .sbss          0x00000000000062b4        0x4 ../i2c_oled_test_bsp/\libhal_bsp.a(alt_irq_vars.o)
                0x00000000000062b4                alt_irq_active
 .sbss          0x00000000000062b8        0x4 ../i2c_oled_test_bsp/\libhal_bsp.a(alt_instruction_exception_entry.o)
                0x00000000000062b8                alt_instruction_exception_handler
 .sbss          0x00000000000062bc        0x4 c:/intelfpga_lite/17.1/nios2eds/bin/gnu/h-x86_64-mingw32/bin/../lib/gcc/nios2-elf/5.3.0/../../../../../H-x86_64-mingw32/nios2-elf/lib/mno-hw-mul\libsmallc.a(lib_a-int_errno.o)
                0x00000000000062bc                errno
 *(.sbss2 .sbss2.* .gnu.linkonce.sb2.*)
 *(.scommon)
                [!provide]                        PROVIDE (__sbss_end, ABSOLUTE (.))
                [!provide]                        PROVIDE (___sbss_end, ABSOLUTE (.))
 *(.dynbss)
 *(.bss .bss.* .gnu.linkonce.b.*)
 .bss           0x00000000000062c0        0x0 ../i2c_oled_test_bsp//obj/HAL/src/crt0.o
 .bss           0x00000000000062c0        0x0 obj/default/hello_world_small.o
 .bss           0x00000000000062c0        0x0 obj/default/oled_ssd1306.o
 .bss           0x00000000000062c0        0x0 c:/intelfpga_lite/17.1/nios2eds/bin/gnu/h-x86_64-mingw32/bin/../lib/gcc/nios2-elf/5.3.0/mno-hw-mul\libgcc.a(lib2-mul.o)
 .bss           0x00000000000062c0        0x0 c:/intelfpga_lite/17.1/nios2eds/bin/gnu/h-x86_64-mingw32/bin/../lib/gcc/nios2-elf/5.3.0/../../../../../H-x86_64-mingw32/nios2-elf/lib/mno-hw-mul\libsmallc.a(lib_a-memcpy.o)
 .bss           0x00000000000062c0        0x0 c:/intelfpga_lite/17.1/nios2eds/bin/gnu/h-x86_64-mingw32/bin/../lib/gcc/nios2-elf/5.3.0/../../../../../H-x86_64-mingw32/nios2-elf/lib/mno-hw-mul\libsmallc.a(lib_a-memset.o)
 .bss           0x00000000000062c0        0x0 ../i2c_oled_test_bsp/\libhal_bsp.a(alt_load.o)
 .bss           0x00000000000062c0        0x0 ../i2c_oled_test_bsp/\libhal_bsp.a(alt_main.o)
 .bss           0x00000000000062c0        0x0 ../i2c_oled_test_bsp/\libhal_bsp.a(alt_sys_init.o)
 .bss           0x00000000000062c0        0x0 ../i2c_oled_test_bsp/\libhal_bsp.a(altera_avalon_i2c.o)
 .bss           0x00000000000062c0        0x0 ../i2c_oled_test_bsp/\libhal_bsp.a(alt_busy_sleep.o)
 .bss           0x00000000000062c0        0x0 ../i2c_oled_test_bsp/\libhal_bsp.a(alt_dcache_flush_all.o)
 .bss           0x00000000000062c0        0x0 ../i2c_oled_test_bsp/\libhal_bsp.a(alt_dev_llist_insert.o)
 .bss           0x00000000000062c0        0x0 ../i2c_oled_test_bsp/\libhal_bsp.a(alt_errno.o)
 .bss           0x00000000000062c0        0x0 ../i2c_oled_test_bsp/\libhal_bsp.a(alt_find_dev.o)
 .bss           0x00000000000062c0        0x0 ../i2c_oled_test_bsp/\libhal_bsp.a(alt_icache_flush_all.o)
 .bss           0x00000000000062c0        0x0 ../i2c_oled_test_bsp/\libhal_bsp.a(alt_iic.o)
 .bss           0x00000000000062c0        0x0 ../i2c_oled_test_bsp/\libhal_bsp.a(alt_iic_isr_register.o)
 .bss           0x00000000000062c0        0x0 ../i2c_oled_test_bsp/\libhal_bsp.a(alt_irq_entry.o)
 .bss           0x00000000000062c0        0x0 ../i2c_oled_test_bsp/\libhal_bsp.a(alt_irq_handler.o)
 .bss           0x00000000000062c0        0x0 ../i2c_oled_test_bsp/\libhal_bsp.a(alt_irq_vars.o)
 .bss           0x00000000000062c0        0x0 ../i2c_oled_test_bsp/\libhal_bsp.a(altera_nios2_gen2_irq.o)
 .bss           0x00000000000062c0        0x0 ../i2c_oled_test_bsp/\libhal_bsp.a(alt_exception_entry.o)
 .bss           0x00000000000062c0        0x0 ../i2c_oled_test_bsp/\libhal_bsp.a(alt_instruction_exception_entry.o)
 .bss           0x00000000000062c0        0x0 c:/intelfpga_lite/17.1/nios2eds/bin/gnu/h-x86_64-mingw32/bin/../lib/gcc/nios2-elf/5.3.0/../../../../../H-x86_64-mingw32/nios2-elf/lib/mno-hw-mul\libsmallc.a(lib_a-int_errno.o)
 .bss           0x00000000000062c0        0x0 c:/intelfpga_lite/17.1/nios2eds/bin/gnu/h-x86_64-mingw32/bin/../lib/gcc/nios2-elf/5.3.0/../../../../../H-x86_64-mingw32/nios2-elf/lib/mno-hw-mul\libsmallc.a(lib_a-memcmp.o)
 .bss           0x00000000000062c0        0x0 c:/intelfpga_lite/17.1/nios2eds/bin/gnu/h-x86_64-mingw32/bin/../lib/gcc/nios2-elf/5.3.0/../../../../../H-x86_64-mingw32/nios2-elf/lib/mno-hw-mul\libsmallc.a(lib_a-strlen.o)
 .bss           0x00000000000062c0        0x0 c:/intelfpga_lite/17.1/nios2eds/bin/gnu/h-x86_64-mingw32/bin/../lib/gcc/nios2-elf/5.3.0/mno-hw-mul\libgcc.a(lib2-divmod.o)
 *(COMMON)
 COMMON         0x00000000000062c0      0x100 ../i2c_oled_test_bsp/\libhal_bsp.a(alt_irq_handler.o)
                0x00000000000062c0                alt_irq
                0x00000000000063c0                . = ALIGN (0x4)
                0x00000000000063c0                __bss_end = ABSOLUTE (.)

.onchip_memory2_0
                0x00000000000063c0        0x0
                [!provide]                        PROVIDE (_alt_partition_onchip_memory2_0_start, ABSOLUTE (.))
 *(.onchip_memory2_0 .onchip_memory2_0. onchip_memory2_0.*)
                0x00000000000063c0                . = ALIGN (0x4)
                [!provide]                        PROVIDE (_alt_partition_onchip_memory2_0_end, ABSOLUTE (.))
                0x00000000000063c0                _end = ABSOLUTE (.)
                0x00000000000063c0                end = ABSOLUTE (.)
                0x00000000000063c0                __alt_stack_base = ABSOLUTE (.)
                [!provide]                        PROVIDE (_alt_partition_onchip_memory2_0_load_addr, LOADADDR (.onchip_memory2_0))

.stab
 *(.stab)

.stabstr
 *(.stabstr)

.stab.excl
 *(.stab.excl)

.stab.exclstr
 *(.stab.exclstr)

.stab.index
 *(.stab.index)

.stab.indexstr
 *(.stab.indexstr)

.comment        0x0000000000000000       0x23
 *(.comment)
 .comment       0x0000000000000000       0x23 obj/default/hello_world_small.o
                                         0x24 (size before relaxing)
 .comment       0x0000000000000023       0x24 obj/default/oled_ssd1306.o
 .comment       0x0000000000000023       0x24 c:/intelfpga_lite/17.1/nios2eds/bin/gnu/h-x86_64-mingw32/bin/../lib/gcc/nios2-elf/5.3.0/mno-hw-mul\libgcc.a(lib2-mul.o)
 .comment       0x0000000000000023       0x24 c:/intelfpga_lite/17.1/nios2eds/bin/gnu/h-x86_64-mingw32/bin/../lib/gcc/nios2-elf/5.3.0/../../../../../H-x86_64-mingw32/nios2-elf/lib/mno-hw-mul\libsmallc.a(lib_a-memcpy.o)
 .comment       0x0000000000000023       0x24 c:/intelfpga_lite/17.1/nios2eds/bin/gnu/h-x86_64-mingw32/bin/../lib/gcc/nios2-elf/5.3.0/../../../../../H-x86_64-mingw32/nios2-elf/lib/mno-hw-mul\libsmallc.a(lib_a-memset.o)
 .comment       0x0000000000000023       0x24 ../i2c_oled_test_bsp/\libhal_bsp.a(alt_load.o)
 .comment       0x0000000000000023       0x24 ../i2c_oled_test_bsp/\libhal_bsp.a(alt_main.o)
 .comment       0x0000000000000023       0x24 ../i2c_oled_test_bsp/\libhal_bsp.a(alt_sys_init.o)
 .comment       0x0000000000000023       0x24 ../i2c_oled_test_bsp/\libhal_bsp.a(altera_avalon_i2c.o)
 .comment       0x0000000000000023       0x24 ../i2c_oled_test_bsp/\libhal_bsp.a(alt_busy_sleep.o)
 .comment       0x0000000000000023       0x24 ../i2c_oled_test_bsp/\libhal_bsp.a(alt_dcache_flush_all.o)
 .comment       0x0000000000000023       0x24 ../i2c_oled_test_bsp/\libhal_bsp.a(alt_dev_llist_insert.o)
 .comment       0x0000000000000023       0x24 ../i2c_oled_test_bsp/\libhal_bsp.a(alt_errno.o)
 .comment       0x0000000000000023       0x24 ../i2c_oled_test_bsp/\libhal_bsp.a(alt_find_dev.o)
 .comment       0x0000000000000023       0x24 ../i2c_oled_test_bsp/\libhal_bsp.a(alt_icache_flush_all.o)
 .comment       0x0000000000000023       0x24 ../i2c_oled_test_bsp/\libhal_bsp.a(alt_iic.o)
 .comment       0x0000000000000023       0x24 ../i2c_oled_test_bsp/\libhal_bsp.a(alt_iic_isr_register.o)
 .comment       0x0000000000000023       0x24 ../i2c_oled_test_bsp/\libhal_bsp.a(alt_irq_handler.o)
 .comment       0x0000000000000023       0x24 ../i2c_oled_test_bsp/\libhal_bsp.a(alt_irq_vars.o)
 .comment       0x0000000000000023       0x24 ../i2c_oled_test_bsp/\libhal_bsp.a(altera_nios2_gen2_irq.o)
 .comment       0x0000000000000023       0x24 ../i2c_oled_test_bsp/\libhal_bsp.a(alt_instruction_exception_entry.o)
 .comment       0x0000000000000023       0x24 c:/intelfpga_lite/17.1/nios2eds/bin/gnu/h-x86_64-mingw32/bin/../lib/gcc/nios2-elf/5.3.0/../../../../../H-x86_64-mingw32/nios2-elf/lib/mno-hw-mul\libsmallc.a(lib_a-int_errno.o)
 .comment       0x0000000000000023       0x24 c:/intelfpga_lite/17.1/nios2eds/bin/gnu/h-x86_64-mingw32/bin/../lib/gcc/nios2-elf/5.3.0/../../../../../H-x86_64-mingw32/nios2-elf/lib/mno-hw-mul\libsmallc.a(lib_a-memcmp.o)
 .comment       0x0000000000000023       0x24 c:/intelfpga_lite/17.1/nios2eds/bin/gnu/h-x86_64-mingw32/bin/../lib/gcc/nios2-elf/5.3.0/../../../../../H-x86_64-mingw32/nios2-elf/lib/mno-hw-mul\libsmallc.a(lib_a-strlen.o)
 .comment       0x0000000000000023       0x24 c:/intelfpga_lite/17.1/nios2eds/bin/gnu/h-x86_64-mingw32/bin/../lib/gcc/nios2-elf/5.3.0/mno-hw-mul\libgcc.a(lib2-divmod.o)

.debug
 *(.debug)

.line
 *(.line)

.debug_srcinfo
 *(.debug_srcinfo)

.debug_sfnames
 *(.debug_sfnames)

.debug_aranges  0x0000000000000000      0x3a8
 *(.debug_aranges)
 .debug_aranges
                0x0000000000000000       0x28 ../i2c_oled_test_bsp//obj/HAL/src/crt0.o
 .debug_aranges
                0x0000000000000028       0x28 obj/default/hello_world_small.o
 .debug_aranges
                0x0000000000000050       0x20 obj/default/oled_ssd1306.o
 .debug_aranges
                0x0000000000000070       0x20 c:/intelfpga_lite/17.1/nios2eds/bin/gnu/h-x86_64-mingw32/bin/../lib/gcc/nios2-elf/5.3.0/mno-hw-mul\libgcc.a(lib2-mul.o)
 .debug_aranges
                0x0000000000000090       0x20 c:/intelfpga_lite/17.1/nios2eds/bin/gnu/h-x86_64-mingw32/bin/../lib/gcc/nios2-elf/5.3.0/../../../../../H-x86_64-mingw32/nios2-elf/lib/mno-hw-mul\libsmallc.a(lib_a-memcpy.o)
 .debug_aranges
                0x00000000000000b0       0x20 c:/intelfpga_lite/17.1/nios2eds/bin/gnu/h-x86_64-mingw32/bin/../lib/gcc/nios2-elf/5.3.0/../../../../../H-x86_64-mingw32/nios2-elf/lib/mno-hw-mul\libsmallc.a(lib_a-memset.o)
 .debug_aranges
                0x00000000000000d0       0x20 ../i2c_oled_test_bsp/\libhal_bsp.a(alt_load.o)
 .debug_aranges
                0x00000000000000f0       0x20 ../i2c_oled_test_bsp/\libhal_bsp.a(alt_main.o)
 .debug_aranges
                0x0000000000000110       0x20 ../i2c_oled_test_bsp/\libhal_bsp.a(alt_sys_init.o)
 .debug_aranges
                0x0000000000000130       0x20 ../i2c_oled_test_bsp/\libhal_bsp.a(altera_avalon_i2c.o)
 .debug_aranges
                0x0000000000000150       0x20 ../i2c_oled_test_bsp/\libhal_bsp.a(alt_busy_sleep.o)
 .debug_aranges
                0x0000000000000170       0x20 ../i2c_oled_test_bsp/\libhal_bsp.a(alt_dcache_flush_all.o)
 .debug_aranges
                0x0000000000000190       0x20 ../i2c_oled_test_bsp/\libhal_bsp.a(alt_dev_llist_insert.o)
 .debug_aranges
                0x00000000000001b0       0x18 ../i2c_oled_test_bsp/\libhal_bsp.a(alt_errno.o)
 .debug_aranges
                0x00000000000001c8       0x20 ../i2c_oled_test_bsp/\libhal_bsp.a(alt_find_dev.o)
 .debug_aranges
                0x00000000000001e8       0x20 ../i2c_oled_test_bsp/\libhal_bsp.a(alt_icache_flush_all.o)
 .debug_aranges
                0x0000000000000208       0x20 ../i2c_oled_test_bsp/\libhal_bsp.a(alt_iic.o)
 .debug_aranges
                0x0000000000000228       0x20 ../i2c_oled_test_bsp/\libhal_bsp.a(alt_iic_isr_register.o)
 .debug_aranges
                0x0000000000000248       0x30 ../i2c_oled_test_bsp/\libhal_bsp.a(alt_irq_entry.o)
 .debug_aranges
                0x0000000000000278       0x20 ../i2c_oled_test_bsp/\libhal_bsp.a(alt_irq_handler.o)
 .debug_aranges
                0x0000000000000298       0x18 ../i2c_oled_test_bsp/\libhal_bsp.a(alt_irq_vars.o)
 .debug_aranges
                0x00000000000002b0       0x20 ../i2c_oled_test_bsp/\libhal_bsp.a(altera_nios2_gen2_irq.o)
 .debug_aranges
                0x00000000000002d0       0x38 ../i2c_oled_test_bsp/\libhal_bsp.a(alt_exception_entry.o)
 .debug_aranges
                0x0000000000000308       0x28 ../i2c_oled_test_bsp/\libhal_bsp.a(alt_instruction_exception_entry.o)
 .debug_aranges
                0x0000000000000330       0x18 c:/intelfpga_lite/17.1/nios2eds/bin/gnu/h-x86_64-mingw32/bin/../lib/gcc/nios2-elf/5.3.0/../../../../../H-x86_64-mingw32/nios2-elf/lib/mno-hw-mul\libsmallc.a(lib_a-int_errno.o)
 .debug_aranges
                0x0000000000000348       0x20 c:/intelfpga_lite/17.1/nios2eds/bin/gnu/h-x86_64-mingw32/bin/../lib/gcc/nios2-elf/5.3.0/../../../../../H-x86_64-mingw32/nios2-elf/lib/mno-hw-mul\libsmallc.a(lib_a-memcmp.o)
 .debug_aranges
                0x0000000000000368       0x20 c:/intelfpga_lite/17.1/nios2eds/bin/gnu/h-x86_64-mingw32/bin/../lib/gcc/nios2-elf/5.3.0/../../../../../H-x86_64-mingw32/nios2-elf/lib/mno-hw-mul\libsmallc.a(lib_a-strlen.o)
 .debug_aranges
                0x0000000000000388       0x20 c:/intelfpga_lite/17.1/nios2eds/bin/gnu/h-x86_64-mingw32/bin/../lib/gcc/nios2-elf/5.3.0/mno-hw-mul\libgcc.a(lib2-divmod.o)

.debug_pubnames
 *(.debug_pubnames)

.debug_info     0x0000000000000000     0x4cb8
 *(.debug_info .gnu.linkonce.wi.*)
 .debug_info    0x0000000000000000       0x77 ../i2c_oled_test_bsp//obj/HAL/src/crt0.o
 .debug_info    0x0000000000000077      0x491 obj/default/hello_world_small.o
 .debug_info    0x0000000000000508      0xad8 obj/default/oled_ssd1306.o
 .debug_info    0x0000000000000fe0       0xb4 c:/intelfpga_lite/17.1/nios2eds/bin/gnu/h-x86_64-mingw32/bin/../lib/gcc/nios2-elf/5.3.0/mno-hw-mul\libgcc.a(lib2-mul.o)
 .debug_info    0x0000000000001094      0x119 c:/intelfpga_lite/17.1/nios2eds/bin/gnu/h-x86_64-mingw32/bin/../lib/gcc/nios2-elf/5.3.0/../../../../../H-x86_64-mingw32/nios2-elf/lib/mno-hw-mul\libsmallc.a(lib_a-memcpy.o)
 .debug_info    0x00000000000011ad       0xdc c:/intelfpga_lite/17.1/nios2eds/bin/gnu/h-x86_64-mingw32/bin/../lib/gcc/nios2-elf/5.3.0/../../../../../H-x86_64-mingw32/nios2-elf/lib/mno-hw-mul\libsmallc.a(lib_a-memset.o)
 .debug_info    0x0000000000001289      0x1c9 ../i2c_oled_test_bsp/\libhal_bsp.a(alt_load.o)
 .debug_info    0x0000000000001452      0x169 ../i2c_oled_test_bsp/\libhal_bsp.a(alt_main.o)
 .debug_info    0x00000000000015bb      0x2f9 ../i2c_oled_test_bsp/\libhal_bsp.a(alt_sys_init.o)
 .debug_info    0x00000000000018b4     0x1c18 ../i2c_oled_test_bsp/\libhal_bsp.a(altera_avalon_i2c.o)
 .debug_info    0x00000000000034cc       0xd8 ../i2c_oled_test_bsp/\libhal_bsp.a(alt_busy_sleep.o)
 .debug_info    0x00000000000035a4       0x92 ../i2c_oled_test_bsp/\libhal_bsp.a(alt_dcache_flush_all.o)
 .debug_info    0x0000000000003636      0x1b3 ../i2c_oled_test_bsp/\libhal_bsp.a(alt_dev_llist_insert.o)
 .debug_info    0x00000000000037e9       0xa6 ../i2c_oled_test_bsp/\libhal_bsp.a(alt_errno.o)
 .debug_info    0x000000000000388f      0x32d ../i2c_oled_test_bsp/\libhal_bsp.a(alt_find_dev.o)
 .debug_info    0x0000000000003bbc       0x92 ../i2c_oled_test_bsp/\libhal_bsp.a(alt_icache_flush_all.o)
 .debug_info    0x0000000000003c4e      0x38a ../i2c_oled_test_bsp/\libhal_bsp.a(alt_iic.o)
 .debug_info    0x0000000000003fd8      0x232 ../i2c_oled_test_bsp/\libhal_bsp.a(alt_iic_isr_register.o)
 .debug_info    0x000000000000420a       0x80 ../i2c_oled_test_bsp/\libhal_bsp.a(alt_irq_entry.o)
 .debug_info    0x000000000000428a      0x184 ../i2c_oled_test_bsp/\libhal_bsp.a(alt_irq_handler.o)
 .debug_info    0x000000000000440e       0x88 ../i2c_oled_test_bsp/\libhal_bsp.a(alt_irq_vars.o)
 .debug_info    0x0000000000004496       0x92 ../i2c_oled_test_bsp/\libhal_bsp.a(altera_nios2_gen2_irq.o)
 .debug_info    0x0000000000004528       0x86 ../i2c_oled_test_bsp/\libhal_bsp.a(alt_exception_entry.o)
 .debug_info    0x00000000000045ae      0x1fd ../i2c_oled_test_bsp/\libhal_bsp.a(alt_instruction_exception_entry.o)
 .debug_info    0x00000000000047ab       0x8a c:/intelfpga_lite/17.1/nios2eds/bin/gnu/h-x86_64-mingw32/bin/../lib/gcc/nios2-elf/5.3.0/../../../../../H-x86_64-mingw32/nios2-elf/lib/mno-hw-mul\libsmallc.a(lib_a-int_errno.o)
 .debug_info    0x0000000000004835       0xf4 c:/intelfpga_lite/17.1/nios2eds/bin/gnu/h-x86_64-mingw32/bin/../lib/gcc/nios2-elf/5.3.0/../../../../../H-x86_64-mingw32/nios2-elf/lib/mno-hw-mul\libsmallc.a(lib_a-memcmp.o)
 .debug_info    0x0000000000004929       0xc9 c:/intelfpga_lite/17.1/nios2eds/bin/gnu/h-x86_64-mingw32/bin/../lib/gcc/nios2-elf/5.3.0/../../../../../H-x86_64-mingw32/nios2-elf/lib/mno-hw-mul\libsmallc.a(lib_a-strlen.o)
 .debug_info    0x00000000000049f2      0x2c6 c:/intelfpga_lite/17.1/nios2eds/bin/gnu/h-x86_64-mingw32/bin/../lib/gcc/nios2-elf/5.3.0/mno-hw-mul\libgcc.a(lib2-divmod.o)

.debug_abbrev   0x0000000000000000     0x1955
 *(.debug_abbrev)
 .debug_abbrev  0x0000000000000000       0x12 ../i2c_oled_test_bsp//obj/HAL/src/crt0.o
 .debug_abbrev  0x0000000000000012      0x1c5 obj/default/hello_world_small.o
 .debug_abbrev  0x00000000000001d7      0x27b obj/default/oled_ssd1306.o
 .debug_abbrev  0x0000000000000452       0x6f c:/intelfpga_lite/17.1/nios2eds/bin/gnu/h-x86_64-mingw32/bin/../lib/gcc/nios2-elf/5.3.0/mno-hw-mul\libgcc.a(lib2-mul.o)
 .debug_abbrev  0x00000000000004c1       0x9c c:/intelfpga_lite/17.1/nios2eds/bin/gnu/h-x86_64-mingw32/bin/../lib/gcc/nios2-elf/5.3.0/../../../../../H-x86_64-mingw32/nios2-elf/lib/mno-hw-mul\libsmallc.a(lib_a-memcpy.o)
 .debug_abbrev  0x000000000000055d       0x8e c:/intelfpga_lite/17.1/nios2eds/bin/gnu/h-x86_64-mingw32/bin/../lib/gcc/nios2-elf/5.3.0/../../../../../H-x86_64-mingw32/nios2-elf/lib/mno-hw-mul\libsmallc.a(lib_a-memset.o)
 .debug_abbrev  0x00000000000005eb       0xd8 ../i2c_oled_test_bsp/\libhal_bsp.a(alt_load.o)
 .debug_abbrev  0x00000000000006c3       0xee ../i2c_oled_test_bsp/\libhal_bsp.a(alt_main.o)
 .debug_abbrev  0x00000000000007b1      0x150 ../i2c_oled_test_bsp/\libhal_bsp.a(alt_sys_init.o)
 .debug_abbrev  0x0000000000000901      0x47c ../i2c_oled_test_bsp/\libhal_bsp.a(altera_avalon_i2c.o)
 .debug_abbrev  0x0000000000000d7d       0x8d ../i2c_oled_test_bsp/\libhal_bsp.a(alt_busy_sleep.o)
 .debug_abbrev  0x0000000000000e0a       0x42 ../i2c_oled_test_bsp/\libhal_bsp.a(alt_dcache_flush_all.o)
 .debug_abbrev  0x0000000000000e4c      0x11c ../i2c_oled_test_bsp/\libhal_bsp.a(alt_dev_llist_insert.o)
 .debug_abbrev  0x0000000000000f68       0x5a ../i2c_oled_test_bsp/\libhal_bsp.a(alt_errno.o)
 .debug_abbrev  0x0000000000000fc2      0x125 ../i2c_oled_test_bsp/\libhal_bsp.a(alt_find_dev.o)
 .debug_abbrev  0x00000000000010e7       0x42 ../i2c_oled_test_bsp/\libhal_bsp.a(alt_icache_flush_all.o)
 .debug_abbrev  0x0000000000001129      0x1a0 ../i2c_oled_test_bsp/\libhal_bsp.a(alt_iic.o)
 .debug_abbrev  0x00000000000012c9      0x19c ../i2c_oled_test_bsp/\libhal_bsp.a(alt_iic_isr_register.o)
 .debug_abbrev  0x0000000000001465       0x12 ../i2c_oled_test_bsp/\libhal_bsp.a(alt_irq_entry.o)
 .debug_abbrev  0x0000000000001477      0x120 ../i2c_oled_test_bsp/\libhal_bsp.a(alt_irq_handler.o)
 .debug_abbrev  0x0000000000001597       0x40 ../i2c_oled_test_bsp/\libhal_bsp.a(alt_irq_vars.o)
 .debug_abbrev  0x00000000000015d7       0x42 ../i2c_oled_test_bsp/\libhal_bsp.a(altera_nios2_gen2_irq.o)
 .debug_abbrev  0x0000000000001619       0x12 ../i2c_oled_test_bsp/\libhal_bsp.a(alt_exception_entry.o)
 .debug_abbrev  0x000000000000162b       0xe7 ../i2c_oled_test_bsp/\libhal_bsp.a(alt_instruction_exception_entry.o)
 .debug_abbrev  0x0000000000001712       0x37 c:/intelfpga_lite/17.1/nios2eds/bin/gnu/h-x86_64-mingw32/bin/../lib/gcc/nios2-elf/5.3.0/../../../../../H-x86_64-mingw32/nios2-elf/lib/mno-hw-mul\libsmallc.a(lib_a-int_errno.o)
 .debug_abbrev  0x0000000000001749       0x7f c:/intelfpga_lite/17.1/nios2eds/bin/gnu/h-x86_64-mingw32/bin/../lib/gcc/nios2-elf/5.3.0/../../../../../H-x86_64-mingw32/nios2-elf/lib/mno-hw-mul\libsmallc.a(lib_a-memcmp.o)
 .debug_abbrev  0x00000000000017c8       0x7f c:/intelfpga_lite/17.1/nios2eds/bin/gnu/h-x86_64-mingw32/bin/../lib/gcc/nios2-elf/5.3.0/../../../../../H-x86_64-mingw32/nios2-elf/lib/mno-hw-mul\libsmallc.a(lib_a-strlen.o)
 .debug_abbrev  0x0000000000001847      0x10e c:/intelfpga_lite/17.1/nios2eds/bin/gnu/h-x86_64-mingw32/bin/../lib/gcc/nios2-elf/5.3.0/mno-hw-mul\libgcc.a(lib2-divmod.o)

.debug_line     0x0000000000000000     0x1bd5
 *(.debug_line)
 .debug_line    0x0000000000000000       0x66 ../i2c_oled_test_bsp//obj/HAL/src/crt0.o
 .debug_line    0x0000000000000066      0x218 obj/default/hello_world_small.o
 .debug_line    0x000000000000027e      0x264 obj/default/oled_ssd1306.o
 .debug_line    0x00000000000004e2       0x80 c:/intelfpga_lite/17.1/nios2eds/bin/gnu/h-x86_64-mingw32/bin/../lib/gcc/nios2-elf/5.3.0/mno-hw-mul\libgcc.a(lib2-mul.o)
 .debug_line    0x0000000000000562      0x15e c:/intelfpga_lite/17.1/nios2eds/bin/gnu/h-x86_64-mingw32/bin/../lib/gcc/nios2-elf/5.3.0/../../../../../H-x86_64-mingw32/nios2-elf/lib/mno-hw-mul\libsmallc.a(lib_a-memcpy.o)
 .debug_line    0x00000000000006c0      0x15d c:/intelfpga_lite/17.1/nios2eds/bin/gnu/h-x86_64-mingw32/bin/../lib/gcc/nios2-elf/5.3.0/../../../../../H-x86_64-mingw32/nios2-elf/lib/mno-hw-mul\libsmallc.a(lib_a-memset.o)
 .debug_line    0x000000000000081d       0xa4 ../i2c_oled_test_bsp/\libhal_bsp.a(alt_load.o)
 .debug_line    0x00000000000008c1       0xbd ../i2c_oled_test_bsp/\libhal_bsp.a(alt_main.o)
 .debug_line    0x000000000000097e      0x133 ../i2c_oled_test_bsp/\libhal_bsp.a(alt_sys_init.o)
 .debug_line    0x0000000000000ab1      0x49a ../i2c_oled_test_bsp/\libhal_bsp.a(altera_avalon_i2c.o)
 .debug_line    0x0000000000000f4b       0xb5 ../i2c_oled_test_bsp/\libhal_bsp.a(alt_busy_sleep.o)
 .debug_line    0x0000000000001000       0x4e ../i2c_oled_test_bsp/\libhal_bsp.a(alt_dcache_flush_all.o)
 .debug_line    0x000000000000104e       0xd8 ../i2c_oled_test_bsp/\libhal_bsp.a(alt_dev_llist_insert.o)
 .debug_line    0x0000000000001126       0x51 ../i2c_oled_test_bsp/\libhal_bsp.a(alt_errno.o)
 .debug_line    0x0000000000001177      0x107 ../i2c_oled_test_bsp/\libhal_bsp.a(alt_find_dev.o)
 .debug_line    0x000000000000127e       0x4e ../i2c_oled_test_bsp/\libhal_bsp.a(alt_icache_flush_all.o)
 .debug_line    0x00000000000012cc       0xf1 ../i2c_oled_test_bsp/\libhal_bsp.a(alt_iic.o)
 .debug_line    0x00000000000013bd       0xd6 ../i2c_oled_test_bsp/\libhal_bsp.a(alt_iic_isr_register.o)
 .debug_line    0x0000000000001493       0x6b ../i2c_oled_test_bsp/\libhal_bsp.a(alt_irq_entry.o)
 .debug_line    0x00000000000014fe       0xa5 ../i2c_oled_test_bsp/\libhal_bsp.a(alt_irq_handler.o)
 .debug_line    0x00000000000015a3       0x50 ../i2c_oled_test_bsp/\libhal_bsp.a(alt_irq_vars.o)
 .debug_line    0x00000000000015f3       0x50 ../i2c_oled_test_bsp/\libhal_bsp.a(altera_nios2_gen2_irq.o)
 .debug_line    0x0000000000001643       0xb3 ../i2c_oled_test_bsp/\libhal_bsp.a(alt_exception_entry.o)
 .debug_line    0x00000000000016f6       0xbf ../i2c_oled_test_bsp/\libhal_bsp.a(alt_instruction_exception_entry.o)
 .debug_line    0x00000000000017b5       0x5f c:/intelfpga_lite/17.1/nios2eds/bin/gnu/h-x86_64-mingw32/bin/../lib/gcc/nios2-elf/5.3.0/../../../../../H-x86_64-mingw32/nios2-elf/lib/mno-hw-mul\libsmallc.a(lib_a-int_errno.o)
 .debug_line    0x0000000000001814      0x160 c:/intelfpga_lite/17.1/nios2eds/bin/gnu/h-x86_64-mingw32/bin/../lib/gcc/nios2-elf/5.3.0/../../../../../H-x86_64-mingw32/nios2-elf/lib/mno-hw-mul\libsmallc.a(lib_a-memcmp.o)
 .debug_line    0x0000000000001974      0x15c c:/intelfpga_lite/17.1/nios2eds/bin/gnu/h-x86_64-mingw32/bin/../lib/gcc/nios2-elf/5.3.0/../../../../../H-x86_64-mingw32/nios2-elf/lib/mno-hw-mul\libsmallc.a(lib_a-strlen.o)
 .debug_line    0x0000000000001ad0      0x105 c:/intelfpga_lite/17.1/nios2eds/bin/gnu/h-x86_64-mingw32/bin/../lib/gcc/nios2-elf/5.3.0/mno-hw-mul\libgcc.a(lib2-divmod.o)

.debug_frame    0x0000000000000000      0x9c8
 *(.debug_frame)
 .debug_frame   0x0000000000000000       0x44 obj/default/hello_world_small.o
 .debug_frame   0x0000000000000044      0x160 obj/default/oled_ssd1306.o
 .debug_frame   0x00000000000001a4       0x20 c:/intelfpga_lite/17.1/nios2eds/bin/gnu/h-x86_64-mingw32/bin/../lib/gcc/nios2-elf/5.3.0/mno-hw-mul\libgcc.a(lib2-mul.o)
 .debug_frame   0x00000000000001c4       0x20 c:/intelfpga_lite/17.1/nios2eds/bin/gnu/h-x86_64-mingw32/bin/../lib/gcc/nios2-elf/5.3.0/../../../../../H-x86_64-mingw32/nios2-elf/lib/mno-hw-mul\libsmallc.a(lib_a-memcpy.o)
 .debug_frame   0x00000000000001e4       0x20 c:/intelfpga_lite/17.1/nios2eds/bin/gnu/h-x86_64-mingw32/bin/../lib/gcc/nios2-elf/5.3.0/../../../../../H-x86_64-mingw32/nios2-elf/lib/mno-hw-mul\libsmallc.a(lib_a-memset.o)
 .debug_frame   0x0000000000000204       0x30 ../i2c_oled_test_bsp/\libhal_bsp.a(alt_load.o)
 .debug_frame   0x0000000000000234       0x2c ../i2c_oled_test_bsp/\libhal_bsp.a(alt_main.o)
 .debug_frame   0x0000000000000260       0x3c ../i2c_oled_test_bsp/\libhal_bsp.a(alt_sys_init.o)
 .debug_frame   0x000000000000029c      0x4c0 ../i2c_oled_test_bsp/\libhal_bsp.a(altera_avalon_i2c.o)
 .debug_frame   0x000000000000075c       0x30 ../i2c_oled_test_bsp/\libhal_bsp.a(alt_busy_sleep.o)
 .debug_frame   0x000000000000078c       0x20 ../i2c_oled_test_bsp/\libhal_bsp.a(alt_dcache_flush_all.o)
 .debug_frame   0x00000000000007ac       0x2c ../i2c_oled_test_bsp/\libhal_bsp.a(alt_dev_llist_insert.o)
 .debug_frame   0x00000000000007d8       0x3c ../i2c_oled_test_bsp/\libhal_bsp.a(alt_find_dev.o)
 .debug_frame   0x0000000000000814       0x20 ../i2c_oled_test_bsp/\libhal_bsp.a(alt_icache_flush_all.o)
 .debug_frame   0x0000000000000834       0x50 ../i2c_oled_test_bsp/\libhal_bsp.a(alt_iic.o)
 .debug_frame   0x0000000000000884       0x30 ../i2c_oled_test_bsp/\libhal_bsp.a(alt_iic_isr_register.o)
 .debug_frame   0x00000000000008b4       0x34 ../i2c_oled_test_bsp/\libhal_bsp.a(alt_irq_handler.o)
 .debug_frame   0x00000000000008e8       0x20 ../i2c_oled_test_bsp/\libhal_bsp.a(altera_nios2_gen2_irq.o)
 .debug_frame   0x0000000000000908       0x30 ../i2c_oled_test_bsp/\libhal_bsp.a(alt_instruction_exception_entry.o)
 .debug_frame   0x0000000000000938       0x20 c:/intelfpga_lite/17.1/nios2eds/bin/gnu/h-x86_64-mingw32/bin/../lib/gcc/nios2-elf/5.3.0/../../../../../H-x86_64-mingw32/nios2-elf/lib/mno-hw-mul\libsmallc.a(lib_a-memcmp.o)
 .debug_frame   0x0000000000000958       0x20 c:/intelfpga_lite/17.1/nios2eds/bin/gnu/h-x86_64-mingw32/bin/../lib/gcc/nios2-elf/5.3.0/../../../../../H-x86_64-mingw32/nios2-elf/lib/mno-hw-mul\libsmallc.a(lib_a-strlen.o)
 .debug_frame   0x0000000000000978       0x50 c:/intelfpga_lite/17.1/nios2eds/bin/gnu/h-x86_64-mingw32/bin/../lib/gcc/nios2-elf/5.3.0/mno-hw-mul\libgcc.a(lib2-divmod.o)

.debug_str      0x0000000000000000     0x1b7f
 *(.debug_str)
 .debug_str     0x0000000000000000      0x2e9 obj/default/hello_world_small.o
                                        0x343 (size before relaxing)
 .debug_str     0x00000000000002e9       0xbf obj/default/oled_ssd1306.o
                                        0x3d3 (size before relaxing)
 .debug_str     0x00000000000003a8      0x148 c:/intelfpga_lite/17.1/nios2eds/bin/gnu/h-x86_64-mingw32/bin/../lib/gcc/nios2-elf/5.3.0/mno-hw-mul\libgcc.a(lib2-mul.o)
                                        0x193 (size before relaxing)
 .debug_str     0x00000000000004f0      0x14e c:/intelfpga_lite/17.1/nios2eds/bin/gnu/h-x86_64-mingw32/bin/../lib/gcc/nios2-elf/5.3.0/../../../../../H-x86_64-mingw32/nios2-elf/lib/mno-hw-mul\libsmallc.a(lib_a-memcpy.o)
                                        0x1f3 (size before relaxing)
 .debug_str     0x000000000000063e       0x3d c:/intelfpga_lite/17.1/nios2eds/bin/gnu/h-x86_64-mingw32/bin/../lib/gcc/nios2-elf/5.3.0/../../../../../H-x86_64-mingw32/nios2-elf/lib/mno-hw-mul\libsmallc.a(lib_a-memset.o)
                                        0x1df (size before relaxing)
 .debug_str     0x000000000000067b      0x156 ../i2c_oled_test_bsp/\libhal_bsp.a(alt_load.o)
                                        0x245 (size before relaxing)
 .debug_str     0x00000000000007d1       0x5e ../i2c_oled_test_bsp/\libhal_bsp.a(alt_main.o)
                                        0x1be (size before relaxing)
 .debug_str     0x000000000000082f       0xfb ../i2c_oled_test_bsp/\libhal_bsp.a(alt_sys_init.o)
                                        0x3d6 (size before relaxing)
 .debug_str     0x000000000000092a      0x961 ../i2c_oled_test_bsp/\libhal_bsp.a(altera_avalon_i2c.o)
                                        0xcde (size before relaxing)
 .debug_str     0x000000000000128b       0x33 ../i2c_oled_test_bsp/\libhal_bsp.a(alt_busy_sleep.o)
                                        0x174 (size before relaxing)
 .debug_str     0x00000000000012be       0x1f ../i2c_oled_test_bsp/\libhal_bsp.a(alt_dcache_flush_all.o)
                                        0x15e (size before relaxing)
 .debug_str     0x00000000000012dd       0x3e ../i2c_oled_test_bsp/\libhal_bsp.a(alt_dev_llist_insert.o)
                                        0x1d5 (size before relaxing)
 .debug_str     0x000000000000131b       0x14 ../i2c_oled_test_bsp/\libhal_bsp.a(alt_errno.o)
                                        0x14e (size before relaxing)
 .debug_str     0x000000000000132f       0x74 ../i2c_oled_test_bsp/\libhal_bsp.a(alt_find_dev.o)
                                        0x203 (size before relaxing)
 .debug_str     0x00000000000013a3       0x1f ../i2c_oled_test_bsp/\libhal_bsp.a(alt_icache_flush_all.o)
                                        0x15e (size before relaxing)
 .debug_str     0x00000000000013c2       0xbe ../i2c_oled_test_bsp/\libhal_bsp.a(alt_iic.o)
                                        0x25c (size before relaxing)
 .debug_str     0x0000000000001480       0x37 ../i2c_oled_test_bsp/\libhal_bsp.a(alt_iic_isr_register.o)
                                        0x216 (size before relaxing)
 .debug_str     0x00000000000014b7       0x3a ../i2c_oled_test_bsp/\libhal_bsp.a(alt_irq_handler.o)
                                        0x1a0 (size before relaxing)
 .debug_str     0x00000000000014f1       0x17 ../i2c_oled_test_bsp/\libhal_bsp.a(alt_irq_vars.o)
                                        0x143 (size before relaxing)
 .debug_str     0x0000000000001508       0x20 ../i2c_oled_test_bsp/\libhal_bsp.a(altera_nios2_gen2_irq.o)
                                        0x165 (size before relaxing)
 .debug_str     0x0000000000001528      0x48b ../i2c_oled_test_bsp/\libhal_bsp.a(alt_instruction_exception_entry.o)
                                        0x5a9 (size before relaxing)
 .debug_str     0x00000000000019b3       0xd3 c:/intelfpga_lite/17.1/nios2eds/bin/gnu/h-x86_64-mingw32/bin/../lib/gcc/nios2-elf/5.3.0/../../../../../H-x86_64-mingw32/nios2-elf/lib/mno-hw-mul\libsmallc.a(lib_a-int_errno.o)
                                        0x1d8 (size before relaxing)
 .debug_str     0x0000000000001a86       0x3d c:/intelfpga_lite/17.1/nios2eds/bin/gnu/h-x86_64-mingw32/bin/../lib/gcc/nios2-elf/5.3.0/../../../../../H-x86_64-mingw32/nios2-elf/lib/mno-hw-mul\libsmallc.a(lib_a-memcmp.o)
                                        0x1df (size before relaxing)
 .debug_str     0x0000000000001ac3       0x3d c:/intelfpga_lite/17.1/nios2eds/bin/gnu/h-x86_64-mingw32/bin/../lib/gcc/nios2-elf/5.3.0/../../../../../H-x86_64-mingw32/nios2-elf/lib/mno-hw-mul\libsmallc.a(lib_a-strlen.o)
                                        0x1e5 (size before relaxing)
 .debug_str     0x0000000000001b00       0x7f c:/intelfpga_lite/17.1/nios2eds/bin/gnu/h-x86_64-mingw32/bin/../lib/gcc/nios2-elf/5.3.0/mno-hw-mul\libgcc.a(lib2-divmod.o)
                                        0x1d2 (size before relaxing)

.debug_loc      0x0000000000000000     0x27d6
 *(.debug_loc)
 .debug_loc     0x0000000000000000       0xf2 obj/default/hello_world_small.o
 .debug_loc     0x00000000000000f2      0x51e obj/default/oled_ssd1306.o
 .debug_loc     0x0000000000000610       0x93 c:/intelfpga_lite/17.1/nios2eds/bin/gnu/h-x86_64-mingw32/bin/../lib/gcc/nios2-elf/5.3.0/mno-hw-mul\libgcc.a(lib2-mul.o)
 .debug_loc     0x00000000000006a3      0x135 c:/intelfpga_lite/17.1/nios2eds/bin/gnu/h-x86_64-mingw32/bin/../lib/gcc/nios2-elf/5.3.0/../../../../../H-x86_64-mingw32/nios2-elf/lib/mno-hw-mul\libsmallc.a(lib_a-memcpy.o)
 .debug_loc     0x00000000000007d8       0xa5 c:/intelfpga_lite/17.1/nios2eds/bin/gnu/h-x86_64-mingw32/bin/../lib/gcc/nios2-elf/5.3.0/../../../../../H-x86_64-mingw32/nios2-elf/lib/mno-hw-mul\libsmallc.a(lib_a-memset.o)
 .debug_loc     0x000000000000087d       0x21 ../i2c_oled_test_bsp/\libhal_bsp.a(alt_sys_init.o)
 .debug_loc     0x000000000000089e     0x147b ../i2c_oled_test_bsp/\libhal_bsp.a(altera_avalon_i2c.o)
 .debug_loc     0x0000000000001d19       0x67 ../i2c_oled_test_bsp/\libhal_bsp.a(alt_busy_sleep.o)
 .debug_loc     0x0000000000001d80       0x7e ../i2c_oled_test_bsp/\libhal_bsp.a(alt_dev_llist_insert.o)
 .debug_loc     0x0000000000001dfe       0x7e ../i2c_oled_test_bsp/\libhal_bsp.a(alt_find_dev.o)
 .debug_loc     0x0000000000001e7c      0x170 ../i2c_oled_test_bsp/\libhal_bsp.a(alt_iic.o)
 .debug_loc     0x0000000000001fec      0x193 ../i2c_oled_test_bsp/\libhal_bsp.a(alt_iic_isr_register.o)
 .debug_loc     0x000000000000217f       0x72 ../i2c_oled_test_bsp/\libhal_bsp.a(alt_irq_handler.o)
 .debug_loc     0x00000000000021f1       0x65 ../i2c_oled_test_bsp/\libhal_bsp.a(alt_instruction_exception_entry.o)
 .debug_loc     0x0000000000002256       0x94 c:/intelfpga_lite/17.1/nios2eds/bin/gnu/h-x86_64-mingw32/bin/../lib/gcc/nios2-elf/5.3.0/../../../../../H-x86_64-mingw32/nios2-elf/lib/mno-hw-mul\libsmallc.a(lib_a-memcmp.o)
 .debug_loc     0x00000000000022ea       0x1e c:/intelfpga_lite/17.1/nios2eds/bin/gnu/h-x86_64-mingw32/bin/../lib/gcc/nios2-elf/5.3.0/../../../../../H-x86_64-mingw32/nios2-elf/lib/mno-hw-mul\libsmallc.a(lib_a-strlen.o)
 .debug_loc     0x0000000000002308      0x4ce c:/intelfpga_lite/17.1/nios2eds/bin/gnu/h-x86_64-mingw32/bin/../lib/gcc/nios2-elf/5.3.0/mno-hw-mul\libgcc.a(lib2-divmod.o)

.debug_macinfo
 *(.debug_macinfo)

.debug_weaknames
 *(.debug_weaknames)

.debug_funcnames
 *(.debug_funcnames)

.debug_typenames
 *(.debug_typenames)

.debug_varnames
 *(.debug_varnames)

.debug_alt_sim_info
                0x0000000000000000       0x40
 *(.debug_alt_sim_info)
 .debug_alt_sim_info
                0x0000000000000000       0x10 ../i2c_oled_test_bsp//obj/HAL/src/crt0.o
 .debug_alt_sim_info
                0x0000000000000010       0x30 ../i2c_oled_test_bsp/\libhal_bsp.a(alt_busy_sleep.o)
                0x0000000000007e80                __alt_data_end = 0x7e80
                0x0000000000007e80                PROVIDE (__alt_stack_pointer, __alt_data_end)
                [!provide]                        PROVIDE (__alt_stack_limit, __alt_stack_base)
                [!provide]                        PROVIDE (__alt_heap_start, end)
                [!provide]                        PROVIDE (__alt_heap_limit, 0x7e80)
OUTPUT(i2c_oled_test.elf elf32-littlenios2)

.debug_ranges   0x0000000000000000      0x280
 .debug_ranges  0x0000000000000000       0x20 ../i2c_oled_test_bsp//obj/HAL/src/crt0.o
 .debug_ranges  0x0000000000000020       0x48 obj/default/hello_world_small.o
 .debug_ranges  0x0000000000000068       0x38 obj/default/oled_ssd1306.o
 .debug_ranges  0x00000000000000a0       0x10 c:/intelfpga_lite/17.1/nios2eds/bin/gnu/h-x86_64-mingw32/bin/../lib/gcc/nios2-elf/5.3.0/../../../../../H-x86_64-mingw32/nios2-elf/lib/mno-hw-mul\libsmallc.a(lib_a-memcpy.o)
 .debug_ranges  0x00000000000000b0       0x10 c:/intelfpga_lite/17.1/nios2eds/bin/gnu/h-x86_64-mingw32/bin/../lib/gcc/nios2-elf/5.3.0/../../../../../H-x86_64-mingw32/nios2-elf/lib/mno-hw-mul\libsmallc.a(lib_a-memset.o)
 .debug_ranges  0x00000000000000c0       0x48 ../i2c_oled_test_bsp/\libhal_bsp.a(alt_load.o)
 .debug_ranges  0x0000000000000108       0x58 ../i2c_oled_test_bsp/\libhal_bsp.a(altera_avalon_i2c.o)
 .debug_ranges  0x0000000000000160       0x20 ../i2c_oled_test_bsp/\libhal_bsp.a(alt_dev_llist_insert.o)
 .debug_ranges  0x0000000000000180       0x28 ../i2c_oled_test_bsp/\libhal_bsp.a(alt_irq_entry.o)
 .debug_ranges  0x00000000000001a8       0x10 ../i2c_oled_test_bsp/\libhal_bsp.a(alt_irq_handler.o)
 .debug_ranges  0x00000000000001b8       0x30 ../i2c_oled_test_bsp/\libhal_bsp.a(alt_exception_entry.o)
 .debug_ranges  0x00000000000001e8       0x18 ../i2c_oled_test_bsp/\libhal_bsp.a(alt_instruction_exception_entry.o)
 .debug_ranges  0x0000000000000200       0x10 c:/intelfpga_lite/17.1/nios2eds/bin/gnu/h-x86_64-mingw32/bin/../lib/gcc/nios2-elf/5.3.0/../../../../../H-x86_64-mingw32/nios2-elf/lib/mno-hw-mul\libsmallc.a(lib_a-memcmp.o)
 .debug_ranges  0x0000000000000210       0x10 c:/intelfpga_lite/17.1/nios2eds/bin/gnu/h-x86_64-mingw32/bin/../lib/gcc/nios2-elf/5.3.0/../../../../../H-x86_64-mingw32/nios2-elf/lib/mno-hw-mul\libsmallc.a(lib_a-strlen.o)
 .debug_ranges  0x0000000000000220       0x60 c:/intelfpga_lite/17.1/nios2eds/bin/gnu/h-x86_64-mingw32/bin/../lib/gcc/nios2-elf/5.3.0/mno-hw-mul\libgcc.a(lib2-divmod.o)
